[+] Containers:
 |- [+] Container: /Game/MVP_Resources/FirstPerson/Maps/FirstPersonMap
 |   |- [+] ActorDescs:
 |   |   |- Guid:051AAEBD4DA376F599A7A8AD0C16DB75 BaseClass: NativeClass:/Script/Landscape.LandscapeStreamingProxy Name:LandscapeStreamingProxy_3D99R2F1KIECG686JZIIZ8S8Y_14_1_0_0 Label:LandscapeStreamingProxy_1_0_0 SpatiallyLoaded:1 Bounds:IsValid=true, Min=(X=-4180.000 Y=-2290.000 Z=0.000), Max=(X=-2780.000 Y=-890.000 Z=200.000) RuntimeGrid:None EditorOnly:0 RuntimeOnly:0 HLODRelevant:1 ListedInSceneOutliner:1 IsMainWorldOnly:0
 |   |   |- Guid:059CFA1F4EB704B8BB0CB08F39228078 BaseClass: NativeClass:/Script/Landscape.LandscapeStreamingProxy Name:LandscapeStreamingProxy_3D99R2F1KIECG686JZIIZ8S8Y_14_2_3_0 Label:LandscapeStreamingProxy_2_3_0 SpatiallyLoaded:1 Bounds:IsValid=true, Min=(X=-2780.000 Y=1910.000 Z=104.688), Max=(X=-1380.000 Y=3310.000 Z=150.781) RuntimeGrid:None EditorOnly:0 RuntimeOnly:0 HLODRelevant:1 ListedInSceneOutliner:1 IsMainWorldOnly:0
 |   |   |- Guid:0E9249B746D5ACA5F7CCBC81C986B180 BaseClass: NativeClass:/Script/Landscape.LandscapeStreamingProxy Name:LandscapeStreamingProxy_3D99R2F1KIECG686JZIIZ8S8Y_14_0_3_0 Label:LandscapeStreamingProxy_0_3_0 SpatiallyLoaded:1 Bounds:IsValid=true, Min=(X=-5580.000 Y=1910.000 Z=0.000), Max=(X=-4180.000 Y=3310.000 Z=200.000) RuntimeGrid:None EditorOnly:0 RuntimeOnly:0 HLODRelevant:1 ListedInSceneOutliner:1 IsMainWorldOnly:0
 |   |   |- Guid:11E91A5A4CAC3D3AD7AA00863F5AFDA4 BaseClass: NativeClass:/Script/Landscape.LandscapeStreamingProxy Name:LandscapeStreamingProxy_3D99R2F1KIECG686JZIIZ8S8Y_14_3_2_0 Label:LandscapeStreamingProxy_3_2_0 SpatiallyLoaded:1 Bounds:IsValid=true, Min=(X=-1380.000 Y=510.000 Z=150.781), Max=(X=20.000 Y=1910.000 Z=182.812) RuntimeGrid:None EditorOnly:0 RuntimeOnly:0 HLODRelevant:1 ListedInSceneOutliner:1 IsMainWorldOnly:0
 |   |   |- Guid:1860322A4EA02C0540ABF3929E9F09F5 BaseClass: NativeClass:/Script/Landscape.LandscapeStreamingProxy Name:LandscapeStreamingProxy_3D99R2F1KIECG686JZIIZ8S8Y_14_2_2_0 Label:LandscapeStreamingProxy_2_2_0 SpatiallyLoaded:1 Bounds:IsValid=true, Min=(X=-2780.000 Y=510.000 Z=111.719), Max=(X=-1380.000 Y=1910.000 Z=155.469) RuntimeGrid:None EditorOnly:0 RuntimeOnly:0 HLODRelevant:1 ListedInSceneOutliner:1 IsMainWorldOnly:0
 |   |   |- Guid:21262252453B37957EF29F82ABA2413B BaseClass: NativeClass:/Script/Engine.TextRenderActor Name:TextRenderActor_1 Label:TextRenderActor SpatiallyLoaded:1 Bounds:IsValid=true, Min=(X=-0.100 Y=1100.000 Z=65.013), Max=(X=-0.100 Y=2363.461 Z=215.013) RuntimeGrid:None EditorOnly:0 RuntimeOnly:0 HLODRelevant:0 ListedInSceneOutliner:1 IsMainWorldOnly:0
 |   |   |- Guid:27157E6A40273B37C98684AF2A467C1E BaseClass: NativeClass:/Script/Engine.PlayerStart Name:PlayerStart_UAID_04BF1BBD85666F8202_1674459313 Label:PlayerStart SpatiallyLoaded:0 Bounds:IsValid=true, Min=(X=-3410.000 Y=-4480.000 Z=228.000), Max=(X=-3330.000 Y=-4400.000 Z=412.000) RuntimeGrid:None EditorOnly:0 RuntimeOnly:0 HLODRelevant:0 ListedInSceneOutliner:1 IsMainWorldOnly:0
 |   |   |- Guid:29C4779943D87747AE54A8973C517E7E BaseClass: NativeClass:/Script/Landscape.LandscapeStreamingProxy Name:LandscapeStreamingProxy_3D99R2F1KIECG686JZIIZ8S8Y_14_2_1_0 Label:LandscapeStreamingProxy_2_1_0 SpatiallyLoaded:1 Bounds:IsValid=true, Min=(X=-2780.000 Y=-890.000 Z=111.719), Max=(X=-1380.000 Y=510.000 Z=155.469) RuntimeGrid:None EditorOnly:0 RuntimeOnly:0 HLODRelevant:1 ListedInSceneOutliner:1 IsMainWorldOnly:0
 |   |   |- Guid:37C6939D42D07C21D59B85A96EB81429 BaseClass: NativeClass:/Script/Landscape.LandscapeStreamingProxy Name:LandscapeStreamingProxy_3D99R2F1KIECG686JZIIZ8S8Y_14_3_1_0 Label:LandscapeStreamingProxy_3_1_0 SpatiallyLoaded:1 Bounds:IsValid=true, Min=(X=-1380.000 Y=-890.000 Z=150.781), Max=(X=20.000 Y=510.000 Z=182.812) RuntimeGrid:None EditorOnly:0 RuntimeOnly:0 HLODRelevant:1 ListedInSceneOutliner:1 IsMainWorldOnly:0
 |   |   |- Guid:412ECF85439AF12CA51D52974D8E3249 BaseClass: NativeClass:/Script/Engine.StaticMeshActor Name:StaticMeshActor_UAID_04BF1BBD8566398502_2017026975 Label:CubeGridToolOutput3 SpatiallyLoaded:1 Bounds:IsValid=true, Min=(X=-4900.000 Y=-4900.000 Z=0.000), Max=(X=-1400.000 Y=-1900.000 Z=2200.000) RuntimeGrid:None EditorOnly:0 RuntimeOnly:0 HLODRelevant:1 ListedInSceneOutliner:1 IsMainWorldOnly:0
 |   |   |- Guid:503301344EDD2580C9B8269BA1FF0C83 BaseClass: NativeClass:/Script/Engine.StaticMeshActor Name:StaticMeshActor_29 Label:SM_ChamferCube4 SpatiallyLoaded:1 Bounds:IsValid=true, Min=(X=334.338 Y=334.338 Z=0.063), Max=(X=545.662 Y=545.662 Z=150.063) RuntimeGrid:None EditorOnly:0 RuntimeOnly:0 HLODRelevant:0 ListedInSceneOutliner:1 IsMainWorldOnly:0 FolderPath:SimulatedCubes FolderGuid:9AEEADCB4DC6C647D6E7C0B4EDA1744F
 |   |   |- Guid:551919B34A4EEAEB71BA54833B22B39E BaseClass: NativeClass:/Script/Engine.StaticMeshActor Name:StaticMeshActor_UAID_04BF1BBD8566368502_2050669447 Label:CubeGridToolOutput SpatiallyLoaded:1 Bounds:IsValid=true, Min=(X=-1347399.961 Y=-343460.000 Z=0.000), Max=(X=9800.000 Y=9800.001 Z=844850.000) RuntimeGrid:None EditorOnly:0 RuntimeOnly:0 HLODRelevant:1 ListedInSceneOutliner:1 IsMainWorldOnly:0
 |   |   |- Guid:5FE7584649BB6F09265329A6C57CFD0D BaseClass: NativeClass:/Script/Engine.VolumetricCloud Name:VolumetricCloud_0 Label:VolumetricCloud SpatiallyLoaded:0 Bounds:IsValid=true, Min=(X=0.000 Y=0.000 Z=820.000), Max=(X=0.000 Y=0.000 Z=820.000) RuntimeGrid:None EditorOnly:0 RuntimeOnly:0 HLODRelevant:0 ListedInSceneOutliner:1 IsMainWorldOnly:0 FolderPath:Lighting FolderGuid:0BA5F0A04EADB18E70D5B180D08FA34B
 |   |   |- Guid:61391D344900612A77DFC3BA3E354907 BaseClass: NativeClass:/Script/Engine.ExponentialHeightFog Name:ExponentialHeightFog_0 Label:ExponentialHeightFog SpatiallyLoaded:0 Bounds:IsValid=true, Min=(X=-5600.000 Y=-50.000 Z=-6850.000), Max=(X=-5600.000 Y=-50.000 Z=-6850.000) RuntimeGrid:None EditorOnly:0 RuntimeOnly:0 HLODRelevant:0 ListedInSceneOutliner:1 IsMainWorldOnly:0 FolderPath:Lighting FolderGuid:0BA5F0A04EADB18E70D5B180D08FA34B
 |   |   |- Guid:6E9B0D7F44778A9DAA1E1C83A8BCE476 BaseClass: NativeClass:/Script/Landscape.LandscapeStreamingProxy Name:LandscapeStreamingProxy_3D99R2F1KIECG686JZIIZ8S8Y_14_1_2_0 Label:LandscapeStreamingProxy_1_2_0 SpatiallyLoaded:1 Bounds:IsValid=true, Min=(X=-4180.000 Y=510.000 Z=100.000), Max=(X=-2780.000 Y=1910.000 Z=114.844) RuntimeGrid:None EditorOnly:0 RuntimeOnly:0 HLODRelevant:1 ListedInSceneOutliner:1 IsMainWorldOnly:0
 |   |   |- Guid:6FDB55C446789B304B07449895F579EA BaseClass: NativeClass:/Script/Landscape.LandscapeStreamingProxy Name:LandscapeStreamingProxy_3D99R2F1KIECG686JZIIZ8S8Y_14_3_3_0 Label:LandscapeStreamingProxy_3_3_0 SpatiallyLoaded:1 Bounds:IsValid=true, Min=(X=-1380.000 Y=1910.000 Z=135.938), Max=(X=20.000 Y=3310.000 Z=181.250) RuntimeGrid:None EditorOnly:0 RuntimeOnly:0 HLODRelevant:1 ListedInSceneOutliner:1 IsMainWorldOnly:0
 |   |   |- Guid:6FEFB3BD4EB37B849EF0D4AC80F83855 BaseClass: NativeClass:/Script/Engine.WorldDataLayers Name:WorldDataLayers Label:WorldDataLayers SpatiallyLoaded:0 Bounds:Invalid RuntimeGrid:None EditorOnly:0 RuntimeOnly:0 HLODRelevant:0 ListedInSceneOutliner:1 IsMainWorldOnly:1
 |   |   |- Guid:8DCB16904A95D2F48B949D9A45C4AA5F BaseClass: NativeClass:/Script/Landscape.LandscapeStreamingProxy Name:LandscapeStreamingProxy_3D99R2F1KIECG686JZIIZ8S8Y_14_0_1_0 Label:LandscapeStreamingProxy_0_1_0 SpatiallyLoaded:1 Bounds:IsValid=true, Min=(X=-5580.000 Y=-890.000 Z=0.000), Max=(X=-4180.000 Y=510.000 Z=200.000) RuntimeGrid:None EditorOnly:0 RuntimeOnly:0 HLODRelevant:1 ListedInSceneOutliner:1 IsMainWorldOnly:0
 |   |   |- Guid:9C5D93E749D9C5FE676F7D8737EE96FE BaseClass: NativeClass:/Script/Engine.StaticMeshActor Name:StaticMeshActor_UAID_04BF1BBD8566388502_2056962801 Label:CubeGridToolOutput2 SpatiallyLoaded:1 Bounds:IsValid=true, Min=(X=-5200.000 Y=8200.000 Z=-200.000), Max=(X=8600.000 Y=9800.000 Z=3400.000) RuntimeGrid:None EditorOnly:0 RuntimeOnly:0 HLODRelevant:1 ListedInSceneOutliner:1 IsMainWorldOnly:0
 |   |   |- Guid:A9DF78C446E2278241A3C6A966488103 BaseClass: NativeClass:/Script/Landscape.LandscapeStreamingProxy Name:LandscapeStreamingProxy_3D99R2F1KIECG686JZIIZ8S8Y_14_0_2_0 Label:LandscapeStreamingProxy_0_2_0 SpatiallyLoaded:1 Bounds:IsValid=true, Min=(X=-5580.000 Y=510.000 Z=0.000), Max=(X=-4180.000 Y=1910.000 Z=200.000) RuntimeGrid:None EditorOnly:0 RuntimeOnly:0 HLODRelevant:1 ListedInSceneOutliner:1 IsMainWorldOnly:0
 |   |   |- Guid:AC4E2A60448F6B17998EF4BE8E3CA652 BaseClass: NativeClass:/Script/Landscape.LandscapeStreamingProxy Name:LandscapeStreamingProxy_3D99R2F1KIECG686JZIIZ8S8Y_14_0_0_0 Label:LandscapeStreamingProxy_0_0_0 SpatiallyLoaded:1 Bounds:IsValid=true, Min=(X=-5580.000 Y=-2290.000 Z=0.000), Max=(X=-4180.000 Y=-890.000 Z=200.000) RuntimeGrid:None EditorOnly:0 RuntimeOnly:0 HLODRelevant:1 ListedInSceneOutliner:1 IsMainWorldOnly:0
 |   |   |- Guid:B38818194DECF9A3FA5F2AA1DE7EE7E7 BaseClass:/Game/MVP_Resources/FirstPerson/Blueprints/BP_FirstPersonCharacter.BP_FirstPersonCharacter_C NativeClass:/Script/Engine.Character Name:BP_FirstPersonCharacter_C_UAID_04BF1BBD85666F8202_1644377312 Label:BP_FirstPersonCharacter SpatiallyLoaded:1 Bounds:IsValid=true, Min=(X=-3415.000 Y=-4616.046 Z=190.000), Max=(X=-3305.000 Y=-4505.000 Z=382.000) RuntimeGrid:None EditorOnly:0 RuntimeOnly:0 HLODRelevant:0 ListedInSceneOutliner:1 IsMainWorldOnly:0
 |   |   |- Guid:BA742CCA4ECD424A2714ACB67DAFECEF BaseClass: NativeClass:/Script/Landscape.LandscapeStreamingProxy Name:LandscapeStreamingProxy_3D99R2F1KIECG686JZIIZ8S8Y_14_3_0_0 Label:LandscapeStreamingProxy_3_0_0 SpatiallyLoaded:1 Bounds:IsValid=true, Min=(X=-1380.000 Y=-2290.000 Z=135.938), Max=(X=20.000 Y=-890.000 Z=181.250) RuntimeGrid:None EditorOnly:0 RuntimeOnly:0 HLODRelevant:1 ListedInSceneOutliner:1 IsMainWorldOnly:0
 |   |   |- Guid:BB6B6C024DACF326CFAB888420A5B4BF BaseClass: NativeClass:/Script/Engine.StaticMeshActor Name:StaticMeshActor_UAID_04BF1BBD85663A8502_1673343153 Label:CubeGridToolOutput4 SpatiallyLoaded:1 Bounds:IsValid=true, Min=(X=-5700.000 Y=-2300.000 Z=0.000), Max=(X=100.000 Y=3300.000 Z=4800.000) RuntimeGrid:None EditorOnly:0 RuntimeOnly:0 HLODRelevant:1 ListedInSceneOutliner:1 IsMainWorldOnly:0
 |   |   |- Guid:BEA877464958F5CC6E8D929FDCC520E5 BaseClass: NativeClass:/Script/Engine.StaticMeshActor Name:StaticMeshActor_UAID_04BF1BBD85661B8502_1408189695 Label:invermark_castle_scotland SpatiallyLoaded:1 Bounds:IsValid=true, Min=(X=-4005.785 Y=9442.850 Z=348.513), Max=(X=5446.721 Y=15359.388 Z=1505.481) RuntimeGrid:None EditorOnly:0 RuntimeOnly:0 HLODRelevant:1 ListedInSceneOutliner:1 IsMainWorldOnly:0
 |   |   |- Guid:C04B4CFF434267C810397B923CF0E360 BaseClass: NativeClass:/Script/AvalancheViewport.AvaViewportDataActor Name:AvaViewportDataActor_UAID_04BF1BBD85662A8502_1361030336 Label:AvaViewportDataActor SpatiallyLoaded:1 Bounds:Invalid RuntimeGrid:None EditorOnly:0 RuntimeOnly:0 HLODRelevant:0 ListedInSceneOutliner:0 IsMainWorldOnly:0
 |   |   |- Guid:C0C56B9644AE3D40CAFF6A878DB29844 BaseClass: NativeClass:/Script/Engine.StaticMeshActor Name:StaticMeshActor_UAID_A4AE111137DC5EFB00_2001720423 Label:SM_SkySphere SpatiallyLoaded:0 Bounds:Invalid RuntimeGrid:None EditorOnly:0 RuntimeOnly:0 HLODRelevant:0 ListedInSceneOutliner:1 IsMainWorldOnly:0 FolderPath:Lighting FolderGuid:0BA5F0A04EADB18E70D5B180D08FA34B
 |   |   |- Guid:C22CE07C4B87D685137FDBBC10FC92C6 BaseClass: NativeClass:/Script/Engine.SkyAtmosphere Name:SkyAtmosphere_0 Label:SkyAtmosphere SpatiallyLoaded:0 Bounds:IsValid=true, Min=(X=0.000 Y=0.000 Z=1020.000), Max=(X=0.000 Y=0.000 Z=1020.000) RuntimeGrid:None EditorOnly:0 RuntimeOnly:0 HLODRelevant:0 ListedInSceneOutliner:1 IsMainWorldOnly:0 FolderPath:Lighting FolderGuid:0BA5F0A04EADB18E70D5B180D08FA34B
 |   |   |- Guid:C8B445784DC02B28E73ECD9D2DCD2D2F BaseClass: NativeClass:/Script/Landscape.LandscapeStreamingProxy Name:LandscapeStreamingProxy_3D99R2F1KIECG686JZIIZ8S8Y_14_1_1_0 Label:LandscapeStreamingProxy_1_1_0 SpatiallyLoaded:1 Bounds:IsValid=true, Min=(X=-4180.000 Y=-890.000 Z=100.000), Max=(X=-2780.000 Y=510.000 Z=114.844) RuntimeGrid:None EditorOnly:0 RuntimeOnly:0 HLODRelevant:1 ListedInSceneOutliner:1 IsMainWorldOnly:0
 |   |   |- Guid:CB2618AB47294C7F274E989AC6BA13A6 BaseClass: NativeClass:/Script/PCG.PCGWorldActor Name:PCGWorldActor_UAID_04BF1BBD85661C8502_1362477872 Label:PCGWorldActor SpatiallyLoaded:0 Bounds:Invalid RuntimeGrid:None EditorOnly:0 RuntimeOnly:0 HLODRelevant:0 ListedInSceneOutliner:1 IsMainWorldOnly:0
 |   |   |- Guid:CB4EBE6642CF7FF1A637FB953E79CCED BaseClass: NativeClass:/Script/Landscape.Landscape Name:Landscape_UAID_04BF1BBD8566388502_2108272802 Label:Landscape3 SpatiallyLoaded:0 Bounds:IsValid=true, Min=(X=-5580.000 Y=-2290.000 Z=100.000), Max=(X=-5580.000 Y=-2290.000 Z=100.000) RuntimeGrid:None EditorOnly:0 RuntimeOnly:0 HLODRelevant:0 ListedInSceneOutliner:1 IsMainWorldOnly:0
 |   |   |- Guid:CE8D82634660FCDB3120E2B8D547C533 BaseClass: NativeClass:/Script/Engine.PostProcessVolume Name:PostProcessVolume_0 Label:PostProcessVolume SpatiallyLoaded:0 Bounds:IsValid=true, Min=(X=0.000 Y=0.000 Z=400.000), Max=(X=200.000 Y=200.000 Z=600.000) RuntimeGrid:None EditorOnly:0 RuntimeOnly:0 HLODRelevant:0 ListedInSceneOutliner:1 IsMainWorldOnly:0 FolderPath:Lighting FolderGuid:0BA5F0A04EADB18E70D5B180D08FA34B
 |   |   |- Guid:D0CF1C9B45EAA453BF056683A47B7A8F BaseClass: NativeClass:/Script/Landscape.LandscapeStreamingProxy Name:LandscapeStreamingProxy_3D99R2F1KIECG686JZIIZ8S8Y_14_2_0_0 Label:LandscapeStreamingProxy_2_0_0 SpatiallyLoaded:1 Bounds:IsValid=true, Min=(X=-2780.000 Y=-2290.000 Z=104.688), Max=(X=-1380.000 Y=-890.000 Z=150.781) RuntimeGrid:None EditorOnly:0 RuntimeOnly:0 HLODRelevant:1 ListedInSceneOutliner:1 IsMainWorldOnly:0
 |   |   |- Guid:E5320C1B4FD9764CE7B54D8487AEC613 BaseClass: NativeClass:/Script/Engine.SkyLight Name:SkyLight_0 Label:SkyLight SpatiallyLoaded:0 Bounds:IsValid=true, Min=(X=0.000 Y=0.000 Z=690.000), Max=(X=0.000 Y=0.000 Z=690.000) RuntimeGrid:None EditorOnly:0 RuntimeOnly:0 HLODRelevant:0 ListedInSceneOutliner:1 IsMainWorldOnly:0 FolderPath:Lighting FolderGuid:0BA5F0A04EADB18E70D5B180D08FA34B
 |   |   |- Guid:ED1A3BE24CBEA7ABA08B1CB1796033DF BaseClass: NativeClass:/Script/Landscape.LandscapeStreamingProxy Name:LandscapeStreamingProxy_3D99R2F1KIECG686JZIIZ8S8Y_14_1_3_0 Label:LandscapeStreamingProxy_1_3_0 SpatiallyLoaded:1 Bounds:IsValid=true, Min=(X=-4180.000 Y=1910.000 Z=0.000), Max=(X=-2780.000 Y=3310.000 Z=200.000) RuntimeGrid:None EditorOnly:0 RuntimeOnly:0 HLODRelevant:1 ListedInSceneOutliner:1 IsMainWorldOnly:0
 |   |   |- Guid:EE66F4454A4A9F99393F559AB739C05E BaseClass:/Game/MVP_Resources/FirstPerson/Blueprints/BP_Pickup_Rifle.BP_Pickup_Rifle_C NativeClass:/Script/Engine.Actor Name:BP_Rifle_C_1 Label:BP_Pickup_Rifle SpatiallyLoaded:1 Bounds:IsValid=true, Min=(X=-3382.139 Y=-4110.125 Z=184.000), Max=(X=-3248.000 Y=-4028.000 Z=309.704) RuntimeGrid:None EditorOnly:0 RuntimeOnly:0 HLODRelevant:0 ListedInSceneOutliner:1 IsMainWorldOnly:0
 |   |   |- Guid:F59337E04F63F6FC4FDD2E8A1194816E BaseClass: NativeClass:/Script/PCG.PCGVolume Name:PCGVolume_UAID_04BF1BBD8566398502_2139735976 Label:towergen SpatiallyLoaded:1 Bounds:IsValid=true, Min=(X=-5592.166 Y=-1761.861 Z=-96.353), Max=(X=118.927 Y=3871.972 Z=4836.353) RuntimeGrid:None EditorOnly:0 RuntimeOnly:0 HLODRelevant:1 ListedInSceneOutliner:1 IsMainWorldOnly:0
 |   |   |- Guid:F80621C9446867154938FE81375207DA BaseClass: NativeClass:/Script/Engine.DirectionalLight Name:DirectionalLight_1 Label:DirectionalLight SpatiallyLoaded:0 Bounds:Invalid RuntimeGrid:None EditorOnly:0 RuntimeOnly:0 HLODRelevant:0 ListedInSceneOutliner:1 IsMainWorldOnly:0 FolderPath:Lighting FolderGuid:0BA5F0A04EADB18E70D5B180D08FA34B
 |   |- [+] Clusters:
 |   |   |- [+] [  0]
 |   |   |   |- Guid:051AAEBD4DA376F599A7A8AD0C16DB75 BaseClass: NativeClass:/Script/Landscape.LandscapeStreamingProxy Name:LandscapeStreamingProxy_3D99R2F1KIECG686JZIIZ8S8Y_14_1_0_0 Label:LandscapeStreamingProxy_1_0_0 SpatiallyLoaded:1 Bounds:IsValid=true, Min=(X=-4180.000 Y=-2290.000 Z=0.000), Max=(X=-2780.000 Y=-890.000 Z=200.000) RuntimeGrid:None EditorOnly:0 RuntimeOnly:0 HLODRelevant:1 ListedInSceneOutliner:1 IsMainWorldOnly:0
 |   |   |- [+] [  1]
 |   |   |   |- Guid:059CFA1F4EB704B8BB0CB08F39228078 BaseClass: NativeClass:/Script/Landscape.LandscapeStreamingProxy Name:LandscapeStreamingProxy_3D99R2F1KIECG686JZIIZ8S8Y_14_2_3_0 Label:LandscapeStreamingProxy_2_3_0 SpatiallyLoaded:1 Bounds:IsValid=true, Min=(X=-2780.000 Y=1910.000 Z=104.688), Max=(X=-1380.000 Y=3310.000 Z=150.781) RuntimeGrid:None EditorOnly:0 RuntimeOnly:0 HLODRelevant:1 ListedInSceneOutliner:1 IsMainWorldOnly:0
 |   |   |- [+] [  2]
 |   |   |   |- Guid:0E9249B746D5ACA5F7CCBC81C986B180 BaseClass: NativeClass:/Script/Landscape.LandscapeStreamingProxy Name:LandscapeStreamingProxy_3D99R2F1KIECG686JZIIZ8S8Y_14_0_3_0 Label:LandscapeStreamingProxy_0_3_0 SpatiallyLoaded:1 Bounds:IsValid=true, Min=(X=-5580.000 Y=1910.000 Z=0.000), Max=(X=-4180.000 Y=3310.000 Z=200.000) RuntimeGrid:None EditorOnly:0 RuntimeOnly:0 HLODRelevant:1 ListedInSceneOutliner:1 IsMainWorldOnly:0
 |   |   |- [+] [  3]
 |   |   |   |- Guid:11E91A5A4CAC3D3AD7AA00863F5AFDA4 BaseClass: NativeClass:/Script/Landscape.LandscapeStreamingProxy Name:LandscapeStreamingProxy_3D99R2F1KIECG686JZIIZ8S8Y_14_3_2_0 Label:LandscapeStreamingProxy_3_2_0 SpatiallyLoaded:1 Bounds:IsValid=true, Min=(X=-1380.000 Y=510.000 Z=150.781), Max=(X=20.000 Y=1910.000 Z=182.812) RuntimeGrid:None EditorOnly:0 RuntimeOnly:0 HLODRelevant:1 ListedInSceneOutliner:1 IsMainWorldOnly:0
 |   |   |- [+] [  4]
 |   |   |   |- Guid:1860322A4EA02C0540ABF3929E9F09F5 BaseClass: NativeClass:/Script/Landscape.LandscapeStreamingProxy Name:LandscapeStreamingProxy_3D99R2F1KIECG686JZIIZ8S8Y_14_2_2_0 Label:LandscapeStreamingProxy_2_2_0 SpatiallyLoaded:1 Bounds:IsValid=true, Min=(X=-2780.000 Y=510.000 Z=111.719), Max=(X=-1380.000 Y=1910.000 Z=155.469) RuntimeGrid:None EditorOnly:0 RuntimeOnly:0 HLODRelevant:1 ListedInSceneOutliner:1 IsMainWorldOnly:0
 |   |   |- [+] [  5]
 |   |   |   |- Guid:21262252453B37957EF29F82ABA2413B BaseClass: NativeClass:/Script/Engine.TextRenderActor Name:TextRenderActor_1 Label:TextRenderActor SpatiallyLoaded:1 Bounds:IsValid=true, Min=(X=-0.100 Y=1100.000 Z=65.013), Max=(X=-0.100 Y=2363.461 Z=215.013) RuntimeGrid:None EditorOnly:0 RuntimeOnly:0 HLODRelevant:0 ListedInSceneOutliner:1 IsMainWorldOnly:0
 |   |   |- [+] [  6]
 |   |   |   |- Guid:27157E6A40273B37C98684AF2A467C1E BaseClass: NativeClass:/Script/Engine.PlayerStart Name:PlayerStart_UAID_04BF1BBD85666F8202_1674459313 Label:PlayerStart SpatiallyLoaded:0 Bounds:IsValid=true, Min=(X=-3410.000 Y=-4480.000 Z=228.000), Max=(X=-3330.000 Y=-4400.000 Z=412.000) RuntimeGrid:None EditorOnly:0 RuntimeOnly:0 HLODRelevant:0 ListedInSceneOutliner:1 IsMainWorldOnly:0
 |   |   |- [+] [  7]
 |   |   |   |- Guid:29C4779943D87747AE54A8973C517E7E BaseClass: NativeClass:/Script/Landscape.LandscapeStreamingProxy Name:LandscapeStreamingProxy_3D99R2F1KIECG686JZIIZ8S8Y_14_2_1_0 Label:LandscapeStreamingProxy_2_1_0 SpatiallyLoaded:1 Bounds:IsValid=true, Min=(X=-2780.000 Y=-890.000 Z=111.719), Max=(X=-1380.000 Y=510.000 Z=155.469) RuntimeGrid:None EditorOnly:0 RuntimeOnly:0 HLODRelevant:1 ListedInSceneOutliner:1 IsMainWorldOnly:0
 |   |   |- [+] [  8]
 |   |   |   |- Guid:37C6939D42D07C21D59B85A96EB81429 BaseClass: NativeClass:/Script/Landscape.LandscapeStreamingProxy Name:LandscapeStreamingProxy_3D99R2F1KIECG686JZIIZ8S8Y_14_3_1_0 Label:LandscapeStreamingProxy_3_1_0 SpatiallyLoaded:1 Bounds:IsValid=true, Min=(X=-1380.000 Y=-890.000 Z=150.781), Max=(X=20.000 Y=510.000 Z=182.812) RuntimeGrid:None EditorOnly:0 RuntimeOnly:0 HLODRelevant:1 ListedInSceneOutliner:1 IsMainWorldOnly:0
 |   |   |- [+] [  9]
 |   |   |   |- Guid:412ECF85439AF12CA51D52974D8E3249 BaseClass: NativeClass:/Script/Engine.StaticMeshActor Name:StaticMeshActor_UAID_04BF1BBD8566398502_2017026975 Label:CubeGridToolOutput3 SpatiallyLoaded:1 Bounds:IsValid=true, Min=(X=-4900.000 Y=-4900.000 Z=0.000), Max=(X=-1400.000 Y=-1900.000 Z=2200.000) RuntimeGrid:None EditorOnly:0 RuntimeOnly:0 HLODRelevant:1 ListedInSceneOutliner:1 IsMainWorldOnly:0
 |   |   |- [+] [ 10]
 |   |   |   |- Guid:503301344EDD2580C9B8269BA1FF0C83 BaseClass: NativeClass:/Script/Engine.StaticMeshActor Name:StaticMeshActor_29 Label:SM_ChamferCube4 SpatiallyLoaded:1 Bounds:IsValid=true, Min=(X=334.338 Y=334.338 Z=0.063), Max=(X=545.662 Y=545.662 Z=150.063) RuntimeGrid:None EditorOnly:0 RuntimeOnly:0 HLODRelevant:0 ListedInSceneOutliner:1 IsMainWorldOnly:0 FolderPath:SimulatedCubes FolderGuid:9AEEADCB4DC6C647D6E7C0B4EDA1744F
 |   |   |- [+] [ 11]
 |   |   |   |- Guid:551919B34A4EEAEB71BA54833B22B39E BaseClass: NativeClass:/Script/Engine.StaticMeshActor Name:StaticMeshActor_UAID_04BF1BBD8566368502_2050669447 Label:CubeGridToolOutput SpatiallyLoaded:1 Bounds:IsValid=true, Min=(X=-1347399.961 Y=-343460.000 Z=0.000), Max=(X=9800.000 Y=9800.001 Z=844850.000) RuntimeGrid:None EditorOnly:0 RuntimeOnly:0 HLODRelevant:1 ListedInSceneOutliner:1 IsMainWorldOnly:0
 |   |   |- [+] [ 12]
 |   |   |   |- Guid:5FE7584649BB6F09265329A6C57CFD0D BaseClass: NativeClass:/Script/Engine.VolumetricCloud Name:VolumetricCloud_0 Label:VolumetricCloud SpatiallyLoaded:0 Bounds:IsValid=true, Min=(X=0.000 Y=0.000 Z=820.000), Max=(X=0.000 Y=0.000 Z=820.000) RuntimeGrid:None EditorOnly:0 RuntimeOnly:0 HLODRelevant:0 ListedInSceneOutliner:1 IsMainWorldOnly:0 FolderPath:Lighting FolderGuid:0BA5F0A04EADB18E70D5B180D08FA34B
 |   |   |- [+] [ 13]
 |   |   |   |- Guid:61391D344900612A77DFC3BA3E354907 BaseClass: NativeClass:/Script/Engine.ExponentialHeightFog Name:ExponentialHeightFog_0 Label:ExponentialHeightFog SpatiallyLoaded:0 Bounds:IsValid=true, Min=(X=-5600.000 Y=-50.000 Z=-6850.000), Max=(X=-5600.000 Y=-50.000 Z=-6850.000) RuntimeGrid:None EditorOnly:0 RuntimeOnly:0 HLODRelevant:0 ListedInSceneOutliner:1 IsMainWorldOnly:0 FolderPath:Lighting FolderGuid:0BA5F0A04EADB18E70D5B180D08FA34B
 |   |   |- [+] [ 14]
 |   |   |   |- Guid:6E9B0D7F44778A9DAA1E1C83A8BCE476 BaseClass: NativeClass:/Script/Landscape.LandscapeStreamingProxy Name:LandscapeStreamingProxy_3D99R2F1KIECG686JZIIZ8S8Y_14_1_2_0 Label:LandscapeStreamingProxy_1_2_0 SpatiallyLoaded:1 Bounds:IsValid=true, Min=(X=-4180.000 Y=510.000 Z=100.000), Max=(X=-2780.000 Y=1910.000 Z=114.844) RuntimeGrid:None EditorOnly:0 RuntimeOnly:0 HLODRelevant:1 ListedInSceneOutliner:1 IsMainWorldOnly:0
 |   |   |- [+] [ 15]
 |   |   |   |- Guid:6FDB55C446789B304B07449895F579EA BaseClass: NativeClass:/Script/Landscape.LandscapeStreamingProxy Name:LandscapeStreamingProxy_3D99R2F1KIECG686JZIIZ8S8Y_14_3_3_0 Label:LandscapeStreamingProxy_3_3_0 SpatiallyLoaded:1 Bounds:IsValid=true, Min=(X=-1380.000 Y=1910.000 Z=135.938), Max=(X=20.000 Y=3310.000 Z=181.250) RuntimeGrid:None EditorOnly:0 RuntimeOnly:0 HLODRelevant:1 ListedInSceneOutliner:1 IsMainWorldOnly:0
 |   |   |- [+] [ 16]
 |   |   |   |- Guid:6FEFB3BD4EB37B849EF0D4AC80F83855 BaseClass: NativeClass:/Script/Engine.WorldDataLayers Name:WorldDataLayers Label:WorldDataLayers SpatiallyLoaded:0 Bounds:Invalid RuntimeGrid:None EditorOnly:0 RuntimeOnly:0 HLODRelevant:0 ListedInSceneOutliner:1 IsMainWorldOnly:1
 |   |   |- [+] [ 17]
 |   |   |   |- Guid:8DCB16904A95D2F48B949D9A45C4AA5F BaseClass: NativeClass:/Script/Landscape.LandscapeStreamingProxy Name:LandscapeStreamingProxy_3D99R2F1KIECG686JZIIZ8S8Y_14_0_1_0 Label:LandscapeStreamingProxy_0_1_0 SpatiallyLoaded:1 Bounds:IsValid=true, Min=(X=-5580.000 Y=-890.000 Z=0.000), Max=(X=-4180.000 Y=510.000 Z=200.000) RuntimeGrid:None EditorOnly:0 RuntimeOnly:0 HLODRelevant:1 ListedInSceneOutliner:1 IsMainWorldOnly:0
 |   |   |- [+] [ 18]
 |   |   |   |- Guid:9C5D93E749D9C5FE676F7D8737EE96FE BaseClass: NativeClass:/Script/Engine.StaticMeshActor Name:StaticMeshActor_UAID_04BF1BBD8566388502_2056962801 Label:CubeGridToolOutput2 SpatiallyLoaded:1 Bounds:IsValid=true, Min=(X=-5200.000 Y=8200.000 Z=-200.000), Max=(X=8600.000 Y=9800.000 Z=3400.000) RuntimeGrid:None EditorOnly:0 RuntimeOnly:0 HLODRelevant:1 ListedInSceneOutliner:1 IsMainWorldOnly:0
 |   |   |- [+] [ 19]
 |   |   |   |- Guid:A9DF78C446E2278241A3C6A966488103 BaseClass: NativeClass:/Script/Landscape.LandscapeStreamingProxy Name:LandscapeStreamingProxy_3D99R2F1KIECG686JZIIZ8S8Y_14_0_2_0 Label:LandscapeStreamingProxy_0_2_0 SpatiallyLoaded:1 Bounds:IsValid=true, Min=(X=-5580.000 Y=510.000 Z=0.000), Max=(X=-4180.000 Y=1910.000 Z=200.000) RuntimeGrid:None EditorOnly:0 RuntimeOnly:0 HLODRelevant:1 ListedInSceneOutliner:1 IsMainWorldOnly:0
 |   |   |- [+] [ 20]
 |   |   |   |- Guid:AC4E2A60448F6B17998EF4BE8E3CA652 BaseClass: NativeClass:/Script/Landscape.LandscapeStreamingProxy Name:LandscapeStreamingProxy_3D99R2F1KIECG686JZIIZ8S8Y_14_0_0_0 Label:LandscapeStreamingProxy_0_0_0 SpatiallyLoaded:1 Bounds:IsValid=true, Min=(X=-5580.000 Y=-2290.000 Z=0.000), Max=(X=-4180.000 Y=-890.000 Z=200.000) RuntimeGrid:None EditorOnly:0 RuntimeOnly:0 HLODRelevant:1 ListedInSceneOutliner:1 IsMainWorldOnly:0
 |   |   |- [+] [ 21]
 |   |   |   |- Guid:B38818194DECF9A3FA5F2AA1DE7EE7E7 BaseClass:/Game/MVP_Resources/FirstPerson/Blueprints/BP_FirstPersonCharacter.BP_FirstPersonCharacter_C NativeClass:/Script/Engine.Character Name:BP_FirstPersonCharacter_C_UAID_04BF1BBD85666F8202_1644377312 Label:BP_FirstPersonCharacter SpatiallyLoaded:1 Bounds:IsValid=true, Min=(X=-3415.000 Y=-4616.046 Z=190.000), Max=(X=-3305.000 Y=-4505.000 Z=382.000) RuntimeGrid:None EditorOnly:0 RuntimeOnly:0 HLODRelevant:0 ListedInSceneOutliner:1 IsMainWorldOnly:0
 |   |   |- [+] [ 22]
 |   |   |   |- Guid:BA742CCA4ECD424A2714ACB67DAFECEF BaseClass: NativeClass:/Script/Landscape.LandscapeStreamingProxy Name:LandscapeStreamingProxy_3D99R2F1KIECG686JZIIZ8S8Y_14_3_0_0 Label:LandscapeStreamingProxy_3_0_0 SpatiallyLoaded:1 Bounds:IsValid=true, Min=(X=-1380.000 Y=-2290.000 Z=135.938), Max=(X=20.000 Y=-890.000 Z=181.250) RuntimeGrid:None EditorOnly:0 RuntimeOnly:0 HLODRelevant:1 ListedInSceneOutliner:1 IsMainWorldOnly:0
 |   |   |- [+] [ 23]
 |   |   |   |- Guid:BB6B6C024DACF326CFAB888420A5B4BF BaseClass: NativeClass:/Script/Engine.StaticMeshActor Name:StaticMeshActor_UAID_04BF1BBD85663A8502_1673343153 Label:CubeGridToolOutput4 SpatiallyLoaded:1 Bounds:IsValid=true, Min=(X=-5700.000 Y=-2300.000 Z=0.000), Max=(X=100.000 Y=3300.000 Z=4800.000) RuntimeGrid:None EditorOnly:0 RuntimeOnly:0 HLODRelevant:1 ListedInSceneOutliner:1 IsMainWorldOnly:0
 |   |   |- [+] [ 24]
 |   |   |   |- Guid:BEA877464958F5CC6E8D929FDCC520E5 BaseClass: NativeClass:/Script/Engine.StaticMeshActor Name:StaticMeshActor_UAID_04BF1BBD85661B8502_1408189695 Label:invermark_castle_scotland SpatiallyLoaded:1 Bounds:IsValid=true, Min=(X=-4005.785 Y=9442.850 Z=348.513), Max=(X=5446.721 Y=15359.388 Z=1505.481) RuntimeGrid:None EditorOnly:0 RuntimeOnly:0 HLODRelevant:1 ListedInSceneOutliner:1 IsMainWorldOnly:0
 |   |   |- [+] [ 25]
 |   |   |   |- Guid:C04B4CFF434267C810397B923CF0E360 BaseClass: NativeClass:/Script/AvalancheViewport.AvaViewportDataActor Name:AvaViewportDataActor_UAID_04BF1BBD85662A8502_1361030336 Label:AvaViewportDataActor SpatiallyLoaded:1 Bounds:Invalid RuntimeGrid:None EditorOnly:0 RuntimeOnly:0 HLODRelevant:0 ListedInSceneOutliner:0 IsMainWorldOnly:0
 |   |   |- [+] [ 26]
 |   |   |   |- Guid:C0C56B9644AE3D40CAFF6A878DB29844 BaseClass: NativeClass:/Script/Engine.StaticMeshActor Name:StaticMeshActor_UAID_A4AE111137DC5EFB00_2001720423 Label:SM_SkySphere SpatiallyLoaded:0 Bounds:Invalid RuntimeGrid:None EditorOnly:0 RuntimeOnly:0 HLODRelevant:0 ListedInSceneOutliner:1 IsMainWorldOnly:0 FolderPath:Lighting FolderGuid:0BA5F0A04EADB18E70D5B180D08FA34B
 |   |   |- [+] [ 27]
 |   |   |   |- Guid:C22CE07C4B87D685137FDBBC10FC92C6 BaseClass: NativeClass:/Script/Engine.SkyAtmosphere Name:SkyAtmosphere_0 Label:SkyAtmosphere SpatiallyLoaded:0 Bounds:IsValid=true, Min=(X=0.000 Y=0.000 Z=1020.000), Max=(X=0.000 Y=0.000 Z=1020.000) RuntimeGrid:None EditorOnly:0 RuntimeOnly:0 HLODRelevant:0 ListedInSceneOutliner:1 IsMainWorldOnly:0 FolderPath:Lighting FolderGuid:0BA5F0A04EADB18E70D5B180D08FA34B
 |   |   |- [+] [ 28]
 |   |   |   |- Guid:C8B445784DC02B28E73ECD9D2DCD2D2F BaseClass: NativeClass:/Script/Landscape.LandscapeStreamingProxy Name:LandscapeStreamingProxy_3D99R2F1KIECG686JZIIZ8S8Y_14_1_1_0 Label:LandscapeStreamingProxy_1_1_0 SpatiallyLoaded:1 Bounds:IsValid=true, Min=(X=-4180.000 Y=-890.000 Z=100.000), Max=(X=-2780.000 Y=510.000 Z=114.844) RuntimeGrid:None EditorOnly:0 RuntimeOnly:0 HLODRelevant:1 ListedInSceneOutliner:1 IsMainWorldOnly:0
 |   |   |- [+] [ 29]
 |   |   |   |- Guid:CB2618AB47294C7F274E989AC6BA13A6 BaseClass: NativeClass:/Script/PCG.PCGWorldActor Name:PCGWorldActor_UAID_04BF1BBD85661C8502_1362477872 Label:PCGWorldActor SpatiallyLoaded:0 Bounds:Invalid RuntimeGrid:None EditorOnly:0 RuntimeOnly:0 HLODRelevant:0 ListedInSceneOutliner:1 IsMainWorldOnly:0
 |   |   |- [+] [ 30]
 |   |   |   |- Guid:CB4EBE6642CF7FF1A637FB953E79CCED BaseClass: NativeClass:/Script/Landscape.Landscape Name:Landscape_UAID_04BF1BBD8566388502_2108272802 Label:Landscape3 SpatiallyLoaded:0 Bounds:IsValid=true, Min=(X=-5580.000 Y=-2290.000 Z=100.000), Max=(X=-5580.000 Y=-2290.000 Z=100.000) RuntimeGrid:None EditorOnly:0 RuntimeOnly:0 HLODRelevant:0 ListedInSceneOutliner:1 IsMainWorldOnly:0
 |   |   |- [+] [ 31]
 |   |   |   |- Guid:CE8D82634660FCDB3120E2B8D547C533 BaseClass: NativeClass:/Script/Engine.PostProcessVolume Name:PostProcessVolume_0 Label:PostProcessVolume SpatiallyLoaded:0 Bounds:IsValid=true, Min=(X=0.000 Y=0.000 Z=400.000), Max=(X=200.000 Y=200.000 Z=600.000) RuntimeGrid:None EditorOnly:0 RuntimeOnly:0 HLODRelevant:0 ListedInSceneOutliner:1 IsMainWorldOnly:0 FolderPath:Lighting FolderGuid:0BA5F0A04EADB18E70D5B180D08FA34B
 |   |   |- [+] [ 32]
 |   |   |   |- Guid:D0CF1C9B45EAA453BF056683A47B7A8F BaseClass: NativeClass:/Script/Landscape.LandscapeStreamingProxy Name:LandscapeStreamingProxy_3D99R2F1KIECG686JZIIZ8S8Y_14_2_0_0 Label:LandscapeStreamingProxy_2_0_0 SpatiallyLoaded:1 Bounds:IsValid=true, Min=(X=-2780.000 Y=-2290.000 Z=104.688), Max=(X=-1380.000 Y=-890.000 Z=150.781) RuntimeGrid:None EditorOnly:0 RuntimeOnly:0 HLODRelevant:1 ListedInSceneOutliner:1 IsMainWorldOnly:0
 |   |   |- [+] [ 33]
 |   |   |   |- Guid:E5320C1B4FD9764CE7B54D8487AEC613 BaseClass: NativeClass:/Script/Engine.SkyLight Name:SkyLight_0 Label:SkyLight SpatiallyLoaded:0 Bounds:IsValid=true, Min=(X=0.000 Y=0.000 Z=690.000), Max=(X=0.000 Y=0.000 Z=690.000) RuntimeGrid:None EditorOnly:0 RuntimeOnly:0 HLODRelevant:0 ListedInSceneOutliner:1 IsMainWorldOnly:0 FolderPath:Lighting FolderGuid:0BA5F0A04EADB18E70D5B180D08FA34B
 |   |   |- [+] [ 34]
 |   |   |   |- Guid:ED1A3BE24CBEA7ABA08B1CB1796033DF BaseClass: NativeClass:/Script/Landscape.LandscapeStreamingProxy Name:LandscapeStreamingProxy_3D99R2F1KIECG686JZIIZ8S8Y_14_1_3_0 Label:LandscapeStreamingProxy_1_3_0 SpatiallyLoaded:1 Bounds:IsValid=true, Min=(X=-4180.000 Y=1910.000 Z=0.000), Max=(X=-2780.000 Y=3310.000 Z=200.000) RuntimeGrid:None EditorOnly:0 RuntimeOnly:0 HLODRelevant:1 ListedInSceneOutliner:1 IsMainWorldOnly:0
 |   |   |- [+] [ 35]
 |   |   |   |- Guid:EE66F4454A4A9F99393F559AB739C05E BaseClass:/Game/MVP_Resources/FirstPerson/Blueprints/BP_Pickup_Rifle.BP_Pickup_Rifle_C NativeClass:/Script/Engine.Actor Name:BP_Rifle_C_1 Label:BP_Pickup_Rifle SpatiallyLoaded:1 Bounds:IsValid=true, Min=(X=-3382.139 Y=-4110.125 Z=184.000), Max=(X=-3248.000 Y=-4028.000 Z=309.704) RuntimeGrid:None EditorOnly:0 RuntimeOnly:0 HLODRelevant:0 ListedInSceneOutliner:1 IsMainWorldOnly:0
 |   |   |- [+] [ 36]
 |   |   |   |- Guid:F59337E04F63F6FC4FDD2E8A1194816E BaseClass: NativeClass:/Script/PCG.PCGVolume Name:PCGVolume_UAID_04BF1BBD8566398502_2139735976 Label:towergen SpatiallyLoaded:1 Bounds:IsValid=true, Min=(X=-5592.166 Y=-1761.861 Z=-96.353), Max=(X=118.927 Y=3871.972 Z=4836.353) RuntimeGrid:None EditorOnly:0 RuntimeOnly:0 HLODRelevant:1 ListedInSceneOutliner:1 IsMainWorldOnly:0
 |   |   |- [+] [ 37]
 |   |   |   |- Guid:F80621C9446867154938FE81375207DA BaseClass: NativeClass:/Script/Engine.DirectionalLight Name:DirectionalLight_1 Label:DirectionalLight SpatiallyLoaded:0 Bounds:Invalid RuntimeGrid:None EditorOnly:0 RuntimeOnly:0 HLODRelevant:0 ListedInSceneOutliner:1 IsMainWorldOnly:0 FolderPath:Lighting FolderGuid:0BA5F0A04EADB18E70D5B180D08FA34B
 |- ContainerInstances:
 |- [+] MainContainer:
 |   |-        ID: 00000000000000000000000000000000
 |   |-  ParentID: 00000000000000000000000000000000
 |   |-    Bounds: IsValid=false, Min=(X=0.000 Y=0.000 Z=0.000), Max=(X=0.000 Y=0.000 Z=0.000)
 |   |- Transform: 0.000000,0.000000,0.000000|0.000000,0.000000,-0.000000|1.000000,1.000000,1.000000
 |   |- Container: /Game/MVP_Resources/FirstPerson/Maps/FirstPersonMap
----------------------------------------------------------------------------------------------------------------
FirstPersonMap - Persistent Level
----------------------------------------------------------------------------------------------------------------
[+] Content of FirstPersonMap Persistent Level
 |- Always loaded Actor Count: 38 
 |- Actor Path: /Game/MVP_Resources/FirstPerson/Maps/FirstPersonMap.FirstPersonMap:PersistentLevel.AvaViewportDataActor_UAID_04BF1BBD85662A8502_1361030336
 |- Actor Package: /Game/__ExternalActors__/MVP_Resources/FirstPerson/Maps/FirstPersonMap/D/7J/D9KOXG8VXE3QOX3SLRCU3G
 |- Actor Path: /Game/MVP_Resources/FirstPerson/Maps/FirstPersonMap.FirstPersonMap:PersistentLevel.BP_FirstPersonCharacter_C_UAID_04BF1BBD85666F8202_1644377312
 |- Actor Package: /Game/__ExternalActors__/MVP_Resources/FirstPerson/Maps/FirstPersonMap/1/79/W8ECVFVETXZS39HXHQ37CP
 |- Actor Path: /Game/MVP_Resources/FirstPerson/Maps/FirstPersonMap.FirstPersonMap:PersistentLevel.BP_Rifle_C_1
 |- Actor Package: /Game/__ExternalActors__/MVP_Resources/FirstPerson/Maps/FirstPersonMap/5/1Y/8WBKNH26GHN3TPL6031Y77
 |- Actor Path: /Game/MVP_Resources/FirstPerson/Maps/FirstPersonMap.FirstPersonMap:PersistentLevel.DirectionalLight_1
 |- Actor Package: /Game/__ExternalActors__/MVP_Resources/FirstPerson/Maps/FirstPersonMap/A/NH/5DHXJATQUHM8740U7TJMB6
 |- Actor Path: /Game/MVP_Resources/FirstPerson/Maps/FirstPersonMap.FirstPersonMap:PersistentLevel.ExponentialHeightFog_0
 |- Actor Package: /Game/__ExternalActors__/MVP_Resources/FirstPerson/Maps/FirstPersonMap/3/CH/Z0FU5ISTI8NOSYLN5OZ6CS
 |- Actor Path: /Game/MVP_Resources/FirstPerson/Maps/FirstPersonMap.FirstPersonMap:PersistentLevel.Landscape_UAID_04BF1BBD8566388502_2108272802
 |- Actor Package: /Game/__ExternalActors__/MVP_Resources/FirstPerson/Maps/FirstPersonMap/9/LO/H7A3I6A8SRVWPD65VZBGY1
 |- Actor Path: /Game/MVP_Resources/FirstPerson/Maps/FirstPersonMap.FirstPersonMap:PersistentLevel.LandscapeStreamingProxy_3D99R2F1KIECG686JZIIZ8S8Y_14_0_0_0
 |- Actor Package: /Game/__ExternalActors__/MVP_Resources/FirstPerson/Maps/FirstPersonMap/6/RL/0WZV07WOVOYUGOSN5EO9MF
 |- Actor Path: /Game/MVP_Resources/FirstPerson/Maps/FirstPersonMap.FirstPersonMap:PersistentLevel.LandscapeStreamingProxy_3D99R2F1KIECG686JZIIZ8S8Y_14_0_1_0
 |- Actor Package: /Game/__ExternalActors__/MVP_Resources/FirstPerson/Maps/FirstPersonMap/4/UW/4VHH5OPZ8M11HJBCQR8KHU
 |- Actor Path: /Game/MVP_Resources/FirstPerson/Maps/FirstPersonMap.FirstPersonMap:PersistentLevel.LandscapeStreamingProxy_3D99R2F1KIECG686JZIIZ8S8Y_14_0_2_0
 |- Actor Package: /Game/__ExternalActors__/MVP_Resources/FirstPerson/Maps/FirstPersonMap/0/CH/NRCHM2H074T95FO7LUFLX1
 |- Actor Path: /Game/MVP_Resources/FirstPerson/Maps/FirstPersonMap.FirstPersonMap:PersistentLevel.LandscapeStreamingProxy_3D99R2F1KIECG686JZIIZ8S8Y_14_0_3_0
 |- Actor Package: /Game/__ExternalActors__/MVP_Resources/FirstPerson/Maps/FirstPersonMap/9/HB/SO5EC3YO7AKPZTQN0NQ23Z
 |- Actor Path: /Game/MVP_Resources/FirstPerson/Maps/FirstPersonMap.FirstPersonMap:PersistentLevel.LandscapeStreamingProxy_3D99R2F1KIECG686JZIIZ8S8Y_14_1_0_0
 |- Actor Package: /Game/__ExternalActors__/MVP_Resources/FirstPerson/Maps/FirstPersonMap/8/JK/PUNUEYMWZGT2O9YC4HK6NB
 |- Actor Path: /Game/MVP_Resources/FirstPerson/Maps/FirstPersonMap.FirstPersonMap:PersistentLevel.LandscapeStreamingProxy_3D99R2F1KIECG686JZIIZ8S8Y_14_1_1_0
 |- Actor Package: /Game/__ExternalActors__/MVP_Resources/FirstPerson/Maps/FirstPersonMap/E/NJ/0L5OOQVFMR238REGQI0J2T
 |- Actor Path: /Game/MVP_Resources/FirstPerson/Maps/FirstPersonMap.FirstPersonMap:PersistentLevel.LandscapeStreamingProxy_3D99R2F1KIECG686JZIIZ8S8Y_14_1_2_0
 |- Actor Package: /Game/__ExternalActors__/MVP_Resources/FirstPerson/Maps/FirstPersonMap/E/Z6/2694X6DCCM3079BEAZUNR6
 |- Actor Path: /Game/MVP_Resources/FirstPerson/Maps/FirstPersonMap.FirstPersonMap:PersistentLevel.LandscapeStreamingProxy_3D99R2F1KIECG686JZIIZ8S8Y_14_1_3_0
 |- Actor Package: /Game/__ExternalActors__/MVP_Resources/FirstPerson/Maps/FirstPersonMap/B/00/6O3LA2AXKRI0N5UE7IVMPU
 |- Actor Path: /Game/MVP_Resources/FirstPerson/Maps/FirstPersonMap.FirstPersonMap:PersistentLevel.LandscapeStreamingProxy_3D99R2F1KIECG686JZIIZ8S8Y_14_2_0_0
 |- Actor Package: /Game/__ExternalActors__/MVP_Resources/FirstPerson/Maps/FirstPersonMap/8/DR/YBMS8FCZKVJ6T42CVJAUH3
 |- Actor Path: /Game/MVP_Resources/FirstPerson/Maps/FirstPersonMap.FirstPersonMap:PersistentLevel.LandscapeStreamingProxy_3D99R2F1KIECG686JZIIZ8S8Y_14_2_1_0
 |- Actor Package: /Game/__ExternalActors__/MVP_Resources/FirstPerson/Maps/FirstPersonMap/1/FZ/RXPCNBLZEYRZ8WMJE0SNHS
 |- Actor Path: /Game/MVP_Resources/FirstPerson/Maps/FirstPersonMap.FirstPersonMap:PersistentLevel.LandscapeStreamingProxy_3D99R2F1KIECG686JZIIZ8S8Y_14_2_2_0
 |- Actor Package: /Game/__ExternalActors__/MVP_Resources/FirstPerson/Maps/FirstPersonMap/C/VT/E2FSITY8BWJA4IW0Z1OHQ2
 |- Actor Path: /Game/MVP_Resources/FirstPerson/Maps/FirstPersonMap.FirstPersonMap:PersistentLevel.LandscapeStreamingProxy_3D99R2F1KIECG686JZIIZ8S8Y_14_2_3_0
 |- Actor Package: /Game/__ExternalActors__/MVP_Resources/FirstPerson/Maps/FirstPersonMap/2/RY/YYQQ2TMFQ0SB2VPIOD3LNO
 |- Actor Path: /Game/MVP_Resources/FirstPerson/Maps/FirstPersonMap.FirstPersonMap:PersistentLevel.LandscapeStreamingProxy_3D99R2F1KIECG686JZIIZ8S8Y_14_3_0_0
 |- Actor Package: /Game/__ExternalActors__/MVP_Resources/FirstPerson/Maps/FirstPersonMap/8/W7/5U8YXGBMS3GV4UVIY0ZMBM
 |- Actor Path: /Game/MVP_Resources/FirstPerson/Maps/FirstPersonMap.FirstPersonMap:PersistentLevel.LandscapeStreamingProxy_3D99R2F1KIECG686JZIIZ8S8Y_14_3_1_0
 |- Actor Package: /Game/__ExternalActors__/MVP_Resources/FirstPerson/Maps/FirstPersonMap/0/EE/6M5XBYN0P7F2LKANC4Q563
 |- Actor Path: /Game/MVP_Resources/FirstPerson/Maps/FirstPersonMap.FirstPersonMap:PersistentLevel.LandscapeStreamingProxy_3D99R2F1KIECG686JZIIZ8S8Y_14_3_2_0
 |- Actor Package: /Game/__ExternalActors__/MVP_Resources/FirstPerson/Maps/FirstPersonMap/B/ZL/3RO9U5JARBXSEI0F1CLLH2
 |- Actor Path: /Game/MVP_Resources/FirstPerson/Maps/FirstPersonMap.FirstPersonMap:PersistentLevel.LandscapeStreamingProxy_3D99R2F1KIECG686JZIIZ8S8Y_14_3_3_0
 |- Actor Package: /Game/__ExternalActors__/MVP_Resources/FirstPerson/Maps/FirstPersonMap/9/D2/70W27TXF4WMIELW3MWA9TP
 |- Actor Path: /Game/MVP_Resources/FirstPerson/Maps/FirstPersonMap.FirstPersonMap:PersistentLevel.PCGVolume_UAID_04BF1BBD8566398502_2139735976
 |- Actor Package: /Game/__ExternalActors__/MVP_Resources/FirstPerson/Maps/FirstPersonMap/C/UC/V3VMZRAIY526O5MHR3VG78
 |- Actor Path: /Game/MVP_Resources/FirstPerson/Maps/FirstPersonMap.FirstPersonMap:PersistentLevel.PCGWorldActor_UAID_04BF1BBD85661C8502_1362477872
 |- Actor Package: /Game/__ExternalActors__/MVP_Resources/FirstPerson/Maps/FirstPersonMap/D/B5/312534Q2EM5JTIUNRN6Z27
 |- Actor Path: /Game/MVP_Resources/FirstPerson/Maps/FirstPersonMap.FirstPersonMap:PersistentLevel.PlayerStart_UAID_04BF1BBD85666F8202_1674459313
 |- Actor Package: /Game/__ExternalActors__/MVP_Resources/FirstPerson/Maps/FirstPersonMap/3/78/4ZKOVOC3EDNK1U7NWZ25KU
 |- Actor Path: /Game/MVP_Resources/FirstPerson/Maps/FirstPersonMap.FirstPersonMap:PersistentLevel.PostProcessVolume_0
 |- Actor Package: /Game/__ExternalActors__/MVP_Resources/FirstPerson/Maps/FirstPersonMap/2/JA/VNN6QIODJ3BI53WE966TTN
 |- Actor Path: /Game/MVP_Resources/FirstPerson/Maps/FirstPersonMap.FirstPersonMap:PersistentLevel.SkyAtmosphere_0
 |- Actor Package: /Game/__ExternalActors__/MVP_Resources/FirstPerson/Maps/FirstPersonMap/C/NK/J2KF8SVBS7MH1KNIGLZD9U
 |- Actor Path: /Game/MVP_Resources/FirstPerson/Maps/FirstPersonMap.FirstPersonMap:PersistentLevel.SkyLight_0
 |- Actor Package: /Game/__ExternalActors__/MVP_Resources/FirstPerson/Maps/FirstPersonMap/6/M6/OAPT1S8K9YI03M0LL7APZ7
 |- Actor Path: /Game/MVP_Resources/FirstPerson/Maps/FirstPersonMap.FirstPersonMap:PersistentLevel.StaticMeshActor_29
 |- Actor Package: /Game/__ExternalActors__/MVP_Resources/FirstPerson/Maps/FirstPersonMap/D/Z0/71BUA91ZUWN1EE6T5P1RXQ
 |- Actor Path: /Game/MVP_Resources/FirstPerson/Maps/FirstPersonMap.FirstPersonMap:PersistentLevel.StaticMeshActor_UAID_04BF1BBD85661B8502_1408189695
 |- Actor Package: /Game/__ExternalActors__/MVP_Resources/FirstPerson/Maps/FirstPersonMap/E/VY/OMGJKDXTURDHLZE5B41U0D
 |- Actor Path: /Game/MVP_Resources/FirstPerson/Maps/FirstPersonMap.FirstPersonMap:PersistentLevel.StaticMeshActor_UAID_04BF1BBD8566368502_2050669447
 |- Actor Package: /Game/__ExternalActors__/MVP_Resources/FirstPerson/Maps/FirstPersonMap/0/CB/SLC8H2TRFEBYI1ZTPR0D3Z
 |- Actor Path: /Game/MVP_Resources/FirstPerson/Maps/FirstPersonMap.FirstPersonMap:PersistentLevel.StaticMeshActor_UAID_04BF1BBD8566388502_2056962801
 |- Actor Package: /Game/__ExternalActors__/MVP_Resources/FirstPerson/Maps/FirstPersonMap/E/60/5L9N4J62FONXGI3KBACTSQ
 |- Actor Path: /Game/MVP_Resources/FirstPerson/Maps/FirstPersonMap.FirstPersonMap:PersistentLevel.StaticMeshActor_UAID_04BF1BBD8566398502_2017026975
 |- Actor Package: /Game/__ExternalActors__/MVP_Resources/FirstPerson/Maps/FirstPersonMap/B/D7/OLKMUJ9TB5ZUNM47W3QWW7
 |- Actor Path: /Game/MVP_Resources/FirstPerson/Maps/FirstPersonMap.FirstPersonMap:PersistentLevel.StaticMeshActor_UAID_04BF1BBD85663A8502_1673343153
 |- Actor Package: /Game/__ExternalActors__/MVP_Resources/FirstPerson/Maps/FirstPersonMap/7/97/M2RHBXIRKVRHCGE4HZLIOF
 |- Actor Path: /Game/MVP_Resources/FirstPerson/Maps/FirstPersonMap.FirstPersonMap:PersistentLevel.StaticMeshActor_UAID_A4AE111137DC5EFB00_2001720423
 |- Actor Package: /Game/__ExternalActors__/MVP_Resources/FirstPerson/Maps/FirstPersonMap/5/I5/YX9BAKWHQTCX91U2JM1OTF
 |- Actor Path: /Game/MVP_Resources/FirstPerson/Maps/FirstPersonMap.FirstPersonMap:PersistentLevel.TextRenderActor_1
 |- Actor Package: /Game/__ExternalActors__/MVP_Resources/FirstPerson/Maps/FirstPersonMap/9/WV/FBHWCDCH9E4ON6WMSIZ3AD
 |- Actor Path: /Game/MVP_Resources/FirstPerson/Maps/FirstPersonMap.FirstPersonMap:PersistentLevel.VolumetricCloud_0
 |- Actor Package: /Game/__ExternalActors__/MVP_Resources/FirstPerson/Maps/FirstPersonMap/1/G8/HIOIS9FFWUU63XNYELBWJE
 |- Actor Path: /Game/MVP_Resources/FirstPerson/Maps/FirstPersonMap.FirstPersonMap:PersistentLevel.WorldDataLayers
 |- Actor Package: /Game/__ExternalActors__/MVP_Resources/FirstPerson/Maps/FirstPersonMap/B/8V/2DBQQ5HMJ9X2HBMMXBI6N5

----------------------------------------------------------------------------------------------------------------
FirstPersonMap - Runtime Hash Set
----------------------------------------------------------------------------------------------------------------

