[+] Containers:
 |- [+] Container: /Game/ThirdPerson/Maps/Moco
 |   |- [+] ActorDescs:
 |   |   |- Guid:0A6DC46E47DB0A76495FC29D746AADDF BaseClass: NativeClass:/Script/Engine.StaticMeshActor Name:StaticMeshActor_11 Label:SM_ChamferCube3 SpatiallyLoaded:1 Bounds:IsValid=true, Min=(X=81.699 Y=2111.699 Z=0.013), Max=(X=218.301 Y=2248.301 Z=100.013) RuntimeGrid:None EditorOnly:0 RuntimeOnly:0 HLODRelevant:0 ListedInSceneOutliner:1 IsMainWorldOnly:0
 |   |   |- Guid:21BAAB3A4C63A9DA406E37BC0A2BB8A3 BaseClass: NativeClass:/Script/Foliage.InstancedFoliageActor Name:InstancedFoliageActor_25600_0_-1_-1 Label:InstancedFoliageActor_0_-1_-1 SpatiallyLoaded:1 Bounds:(Editor:IsValid=true, Min=(X=0.000 Y=-25600.000 Z=-25600.000), Max=(X=25600.000 Y=0.000 Z=0.000) Runtime:IsValid=true, Min=(X=-20.452 Y=-1574.711 Z=-103.226), Max=(X=3691.252 Y=24.863 Z=70.508)) RuntimeGrid:None EditorOnly:0 RuntimeOnly:0 HLODRelevant:1 ListedInSceneOutliner:1 IsMainWorldOnly:0
 |   |   |- Guid:225635AE48060E2E5CF8E799161EAFFB BaseClass: NativeClass:/Script/Engine.StaticMeshActor Name:StaticMeshActor_UAID_04BF1BBD85667A6E02_1422902142 Label:SM_PROP_fence_v03_4 SpatiallyLoaded:1 Bounds:IsValid=true, Min=(X=2200.740 Y=842.316 Z=14.505), Max=(X=2408.137 Y=949.464 Z=131.386) RuntimeGrid:None EditorOnly:0 RuntimeOnly:0 HLODRelevant:1 ListedInSceneOutliner:1 IsMainWorldOnly:0
 |   |   |- Guid:267B250F4D544D1852E51BA9CBE89D64 BaseClass: NativeClass:/Script/Engine.StaticMeshActor Name:StaticMeshActor_UAID_04BF1BBD85667A6E02_1194924134 Label:SM_GrassMoundA SpatiallyLoaded:1 Bounds:IsValid=true, Min=(X=-2009.651 Y=-1565.229 Z=-97.854), Max=(X=4234.292 Y=4700.454 Z=53.240) RuntimeGrid:None EditorOnly:0 RuntimeOnly:0 HLODRelevant:1 ListedInSceneOutliner:1 IsMainWorldOnly:0
 |   |   |- Guid:37276DC5449A9ED127A9C3967C6B64C9 BaseClass: NativeClass:/Script/Foliage.InstancedFoliageActor Name:InstancedFoliageActor_25600_-1_0_0 Label:InstancedFoliageActor_-1_0_0 SpatiallyLoaded:1 Bounds:(Editor:IsValid=true, Min=(X=-25600.000 Y=0.000 Z=0.000), Max=(X=0.000 Y=25600.000 Z=25600.000) Runtime:IsValid=true, Min=(X=-1053.985 Y=-13.137 Z=-6.324), Max=(X=29.914 Y=3221.457 Z=109.115)) RuntimeGrid:None EditorOnly:0 RuntimeOnly:0 HLODRelevant:1 ListedInSceneOutliner:1 IsMainWorldOnly:0
 |   |   |- Guid:37528A3D42F39AE92EBFF6991A86B571 BaseClass: NativeClass:/Script/Engine.TextRenderActor Name:TextRenderActor_1 Label:TextRenderActor SpatiallyLoaded:1 Bounds:IsValid=true, Min=(X=-1860.100 Y=1720.000 Z=65.013), Max=(X=-1860.100 Y=2187.308 Z=215.013) RuntimeGrid:None EditorOnly:0 RuntimeOnly:0 HLODRelevant:0 ListedInSceneOutliner:1 IsMainWorldOnly:0
 |   |   |- Guid:3E6CA9DC4DA7E7C11F217BA08E4A6415 BaseClass: NativeClass:/Script/Engine.SkyAtmosphere Name:SkyAtmosphere_0 Label:SkyAtmosphere SpatiallyLoaded:0 Bounds:IsValid=true, Min=(X=0.000 Y=0.000 Z=1020.000), Max=(X=0.000 Y=0.000 Z=1020.000) RuntimeGrid:None EditorOnly:0 RuntimeOnly:0 HLODRelevant:0 ListedInSceneOutliner:1 IsMainWorldOnly:0 FolderPath:Lighting FolderGuid:963EC3EB4002CCE9759E2EBA541A873A
 |   |   |- Guid:4569526B47CFE21E43B028A6B58C2E9B BaseClass: NativeClass:/Script/Engine.ExponentialHeightFog Name:ExponentialHeightFog_0 Label:ExponentialHeightFog SpatiallyLoaded:0 Bounds:IsValid=true, Min=(X=-5600.000 Y=-50.000 Z=-6850.000), Max=(X=-5600.000 Y=-50.000 Z=-6850.000) RuntimeGrid:None EditorOnly:0 RuntimeOnly:0 HLODRelevant:0 ListedInSceneOutliner:1 IsMainWorldOnly:0 FolderPath:Lighting FolderGuid:963EC3EB4002CCE9759E2EBA541A873A
 |   |   |- Guid:4A4733B542A408FB503F5D9C35BC0C0F BaseClass: NativeClass:/Script/Foliage.InstancedFoliageActor Name:InstancedFoliageActor_25600_0_-1_0 Label:InstancedFoliageActor_0_-1_0 SpatiallyLoaded:1 Bounds:(Editor:IsValid=true, Min=(X=0.000 Y=-25600.000 Z=0.000), Max=(X=25600.000 Y=0.000 Z=25600.000) Runtime:IsValid=true, Min=(X=48.221 Y=-366.562 Z=-6.662), Max=(X=2548.778 Y=25.994 Z=176.317)) RuntimeGrid:None EditorOnly:0 RuntimeOnly:0 HLODRelevant:1 ListedInSceneOutliner:1 IsMainWorldOnly:0
 |   |   |- Guid:4C38882B44477ECD54A56FAED21748BF BaseClass: NativeClass:/Script/Engine.StaticMeshActor Name:StaticMeshActor_UAID_04BF1BBD85667A6E02_1345013138 Label:SM_PROP_fence_v03_04 SpatiallyLoaded:1 Bounds:IsValid=true, Min=(X=1902.348 Y=-35.638 Z=24.505), Max=(X=2110.722 Y=74.192 Z=141.386) RuntimeGrid:None EditorOnly:0 RuntimeOnly:0 HLODRelevant:1 ListedInSceneOutliner:1 IsMainWorldOnly:0
 |   |   |- Guid:56C22A9E45A9C12E44FB93A183CFAFE4 BaseClass: NativeClass:/Script/Engine.StaticMeshActor Name:StaticMeshActor_UAID_04BF1BBD85667A6E02_1829607147 Label:SM_PROP_fence_v03_8 SpatiallyLoaded:1 Bounds:IsValid=true, Min=(X=2583.000 Y=212.166 Z=24.505), Max=(X=2692.829 Y=420.540 Z=141.386) RuntimeGrid:None EditorOnly:0 RuntimeOnly:0 HLODRelevant:1 ListedInSceneOutliner:1 IsMainWorldOnly:0
 |   |   |- Guid:5F98D4F649FD76E4BC9D4092175A2470 BaseClass: NativeClass:/Script/Engine.StaticMeshActor Name:StaticMeshActor_2 Label:SM_ChamferCube SpatiallyLoaded:1 Bounds:IsValid=true, Min=(X=90.000 Y=2000.000 Z=0.013), Max=(X=190.000 Y=2100.000 Z=100.013) RuntimeGrid:None EditorOnly:0 RuntimeOnly:0 HLODRelevant:0 ListedInSceneOutliner:1 IsMainWorldOnly:0
 |   |   |- Guid:64DB159343E4B1BC69E1B18380613423 BaseClass: NativeClass:/Script/Engine.StaticMeshActor Name:StaticMeshActor_UAID_04BF1BBD8566796E02_1619344953 Label:SM_ENV_TREE_village_LOD1 SpatiallyLoaded:1 Bounds:IsValid=true, Min=(X=2274.261 Y=1652.511 Z=0.000), Max=(X=2745.739 Y=2123.990 Z=593.933) RuntimeGrid:None EditorOnly:0 RuntimeOnly:0 HLODRelevant:1 ListedInSceneOutliner:1 IsMainWorldOnly:0
 |   |   |- Guid:69F85FC846E341EADBD10DBEACD067A2 BaseClass: NativeClass:/Script/Engine.StaticMeshActor Name:StaticMeshActor_UAID_04BF1BBD85667A6E02_1422901141 Label:SM_PROP_fence_v03_3 SpatiallyLoaded:1 Bounds:IsValid=true, Min=(X=2010.218 Y=899.957 Z=4.505), Max=(X=2225.126 Y=1012.305 Z=121.386) RuntimeGrid:None EditorOnly:0 RuntimeOnly:0 HLODRelevant:1 ListedInSceneOutliner:1 IsMainWorldOnly:0
 |   |   |- Guid:716C319E4ED90F2381C763BEAE369746 BaseClass: NativeClass:/Script/Engine.StaticMeshActor Name:StaticMeshActor_UAID_04BF1BBD85667A6E02_1360407140 Label:SM_PROP_fence_v02_01 SpatiallyLoaded:1 Bounds:IsValid=true, Min=(X=1706.837 Y=24.132 Z=24.505), Max=(X=1919.225 Y=135.562 Z=141.386) RuntimeGrid:None EditorOnly:0 RuntimeOnly:0 HLODRelevant:1 ListedInSceneOutliner:1 IsMainWorldOnly:0
 |   |   |- Guid:75F78400425DFACD8AAE179238CB8496 BaseClass: NativeClass:/Script/Engine.StaticMeshActor Name:StaticMeshActor_UAID_04BF1BBD85667A6E02_1829604145 Label:SM_PROP_fence_v03_6 SpatiallyLoaded:1 Bounds:IsValid=true, Min=(X=2685.870 Y=578.132 Z=4.505), Max=(X=2798.218 Y=793.041 Z=121.386) RuntimeGrid:None EditorOnly:0 RuntimeOnly:0 HLODRelevant:1 ListedInSceneOutliner:1 IsMainWorldOnly:0
 |   |   |- Guid:7E47C57846CACE1DAD32A49FEE5CA6CA BaseClass: NativeClass:/Script/Foliage.InstancedFoliageActor Name:InstancedFoliageActor_25600_-1_-1_-1 Label:InstancedFoliageActor_-1_-1_-1 SpatiallyLoaded:1 Bounds:(Editor:IsValid=true, Min=(X=-25600.000 Y=-25600.000 Z=-25600.000), Max=(X=0.000 Y=0.000 Z=0.000) Runtime:IsValid=true, Min=(X=-1581.966 Y=-1278.325 Z=-102.593), Max=(X=22.690 Y=25.462 Z=70.131)) RuntimeGrid:None EditorOnly:0 RuntimeOnly:0 HLODRelevant:1 ListedInSceneOutliner:1 IsMainWorldOnly:0
 |   |   |- Guid:846A3F094FBCEB2837376F8A791ACAC0 BaseClass: NativeClass:/Script/Engine.VolumetricCloud Name:VolumetricCloud_0 Label:VolumetricCloud SpatiallyLoaded:0 Bounds:IsValid=true, Min=(X=0.000 Y=0.000 Z=820.000), Max=(X=0.000 Y=0.000 Z=820.000) RuntimeGrid:None EditorOnly:0 RuntimeOnly:0 HLODRelevant:0 ListedInSceneOutliner:1 IsMainWorldOnly:0 FolderPath:Lighting FolderGuid:963EC3EB4002CCE9759E2EBA541A873A
 |   |   |- Guid:90C655AB4B9E63C04094D98749455B42 BaseClass: NativeClass:/Script/Foliage.InstancedFoliageActor Name:InstancedFoliageActor_25600_-1_0_-1 Label:InstancedFoliageActor_-1_0_-1 SpatiallyLoaded:1 Bounds:(Editor:IsValid=true, Min=(X=-25600.000 Y=0.000 Z=-25600.000), Max=(X=0.000 Y=25600.000 Z=0.000) Runtime:IsValid=true, Min=(X=-2024.189 Y=-21.239 Z=-103.669), Max=(X=20.873 Y=4309.041 Z=70.890)) RuntimeGrid:None EditorOnly:0 RuntimeOnly:0 HLODRelevant:1 ListedInSceneOutliner:1 IsMainWorldOnly:0
 |   |   |- Guid:93AECE0E4B8C9EB5080DE0BBF46AF16D BaseClass: NativeClass:/Script/Engine.StaticMeshActor Name:StaticMeshActor_UAID_04BF1BBD85667A6E02_1338520137 Label:SM_PROP_fence_v03_03 SpatiallyLoaded:1 Bounds:IsValid=true, Min=(X=2085.304 Y=-78.185 Z=14.505), Max=(X=2292.701 Y=28.962 Z=131.386) RuntimeGrid:None EditorOnly:0 RuntimeOnly:0 HLODRelevant:1 ListedInSceneOutliner:1 IsMainWorldOnly:0
 |   |   |- Guid:97F3B8434E6246B56576E8B9E9745D56 BaseClass: NativeClass:/Script/Engine.DirectionalLight Name:DirectionalLight_0 Label:DirectionalLight SpatiallyLoaded:0 Bounds:Invalid RuntimeGrid:None EditorOnly:0 RuntimeOnly:0 HLODRelevant:0 ListedInSceneOutliner:1 IsMainWorldOnly:0 FolderPath:Lighting FolderGuid:963EC3EB4002CCE9759E2EBA541A873A
 |   |   |- Guid:A1902CD042F26807D870BB852C4851A2 BaseClass: NativeClass:/Script/Engine.StaticMeshActor Name:StaticMeshActor_UAID_04BF1BBD85667A6E02_1422904143 Label:SM_PROP_fence_v03_5 SpatiallyLoaded:1 Bounds:IsValid=true, Min=(X=2382.719 Y=797.086 Z=24.505), Max=(X=2591.093 Y=906.916 Z=141.386) RuntimeGrid:None EditorOnly:0 RuntimeOnly:0 HLODRelevant:1 ListedInSceneOutliner:1 IsMainWorldOnly:0
 |   |   |- Guid:A32EC37C4D4B7C1B4D3B0681B8AFF6E4 BaseClass: NativeClass:/Script/Foliage.InstancedFoliageActor Name:InstancedFoliageActor_25600_-1_-1_0 Label:InstancedFoliageActor_-1_-1_0 SpatiallyLoaded:1 Bounds:(Editor:IsValid=true, Min=(X=-25600.000 Y=-25600.000 Z=0.000), Max=(X=0.000 Y=0.000 Z=25600.000) Runtime:IsValid=true, Min=(X=-118.149 Y=-140.553 Z=0.840), Max=(X=-5.339 Y=16.522 Z=92.278)) RuntimeGrid:None EditorOnly:0 RuntimeOnly:0 HLODRelevant:1 ListedInSceneOutliner:1 IsMainWorldOnly:0
 |   |   |- Guid:A50AFD734368AD0EB0E7F29BD1463BE0 BaseClass: NativeClass:/Script/Engine.WorldDataLayers Name:WorldDataLayers Label:WorldDataLayers SpatiallyLoaded:0 Bounds:Invalid RuntimeGrid:None EditorOnly:0 RuntimeOnly:0 HLODRelevant:0 ListedInSceneOutliner:1 IsMainWorldOnly:1
 |   |   |- Guid:AAC4A06849E0336CC746DD8BD43F8CA3 BaseClass: NativeClass:/Script/Engine.StaticMeshActor Name:StaticMeshActor_UAID_04BF1BBD85667A6E02_1327052136 Label:SM_PROP_fence_v03_2 SpatiallyLoaded:1 Bounds:IsValid=true, Min=(X=2268.315 Y=-141.026 Z=4.505), Max=(X=2483.223 Y=-28.679 Z=121.386) RuntimeGrid:None EditorOnly:0 RuntimeOnly:0 HLODRelevant:1 ListedInSceneOutliner:1 IsMainWorldOnly:0
 |   |   |- Guid:ABC2C8FC4CF6C6153B69C1BFEB3C6FF6 BaseClass: NativeClass:/Script/Engine.StaticMeshActor Name:StaticMeshActor_UAID_04BF1BBD85667A6E02_1422905144 Label:SM_PROP_fence_v02_2 SpatiallyLoaded:1 Bounds:IsValid=true, Min=(X=2574.216 Y=735.717 Z=24.505), Max=(X=2786.604 Y=847.147 Z=141.386) RuntimeGrid:None EditorOnly:0 RuntimeOnly:0 HLODRelevant:1 ListedInSceneOutliner:1 IsMainWorldOnly:0
 |   |   |- Guid:B147F5CA46BD3459B5902786A266692F BaseClass: NativeClass:/Script/Engine.SkyLight Name:SkyLight_1 Label:SkyLight SpatiallyLoaded:0 Bounds:IsValid=true, Min=(X=0.000 Y=0.000 Z=690.000), Max=(X=0.000 Y=0.000 Z=690.000) RuntimeGrid:None EditorOnly:0 RuntimeOnly:0 HLODRelevant:0 ListedInSceneOutliner:1 IsMainWorldOnly:0 FolderPath:Lighting FolderGuid:963EC3EB4002CCE9759E2EBA541A873A
 |   |   |- Guid:B634221F48D74D7A8E08F485A47BE6CA BaseClass: NativeClass:/Script/Engine.StaticMeshActor Name:StaticMeshActor_10 Label:SM_ChamferCube2 SpatiallyLoaded:1 Bounds:IsValid=true, Min=(X=112.077 Y=2272.077 Z=0.013), Max=(X=227.923 Y=2387.923 Z=100.013) RuntimeGrid:None EditorOnly:0 RuntimeOnly:0 HLODRelevant:0 ListedInSceneOutliner:1 IsMainWorldOnly:0
 |   |   |- Guid:C228BAB44BBBFF427661B88A22A1AEAC BaseClass: NativeClass:/Script/Engine.StaticMeshActor Name:StaticMeshActor_UAID_04BF1BBD85667A6E02_1829606146 Label:SM_PROP_fence_v03_7 SpatiallyLoaded:1 Bounds:IsValid=true, Min=(X=2628.229 Y=395.121 Z=14.505), Max=(X=2735.377 Y=602.519 Z=131.386) RuntimeGrid:None EditorOnly:0 RuntimeOnly:0 HLODRelevant:1 ListedInSceneOutliner:1 IsMainWorldOnly:0
 |   |   |- Guid:C38471D14CA0C24E2E0CF4AFAF455A1A BaseClass: NativeClass:/Script/Engine.StaticMeshActor Name:StaticMeshActor_UAID_04BF1BBD85667A6E02_1829607148 Label:SM_PROP_fence_v02_3 SpatiallyLoaded:1 Bounds:IsValid=true, Min=(X=2521.630 Y=16.655 Z=24.505), Max=(X=2633.060 Y=229.043 Z=141.386) RuntimeGrid:None EditorOnly:0 RuntimeOnly:0 HLODRelevant:1 ListedInSceneOutliner:1 IsMainWorldOnly:0
 |   |   |- Guid:C827B3F24FAF588FA32095AD8B3CF697 BaseClass: NativeClass:/Script/Engine.PostProcessVolume Name:PostProcessVolume_0 Label:PostProcessVolume SpatiallyLoaded:0 Bounds:IsValid=true, Min=(X=0.000 Y=0.000 Z=400.000), Max=(X=200.000 Y=200.000 Z=600.000) RuntimeGrid:None EditorOnly:0 RuntimeOnly:0 HLODRelevant:0 ListedInSceneOutliner:1 IsMainWorldOnly:0 FolderPath:Lighting FolderGuid:963EC3EB4002CCE9759E2EBA541A873A
 |   |   |- Guid:D8873A7B4BF90FAB19E52C8C9FF39B4A BaseClass: NativeClass:/Script/Engine.StaticMeshActor Name:StaticMeshActor_UAID_04BF1BBD85667A6E02_1856006149 Label:SM_PROP_fence_v02_04 SpatiallyLoaded:1 Bounds:IsValid=true, Min=(X=2453.821 Y=-144.174 Z=4.504), Max=(X=2565.208 Y=65.581 Z=121.385) RuntimeGrid:None EditorOnly:0 RuntimeOnly:0 HLODRelevant:1 ListedInSceneOutliner:1 IsMainWorldOnly:0
 |   |   |- Guid:DCA9FB69483C1877DF6B1BA37B7DE552 BaseClass: NativeClass:/Script/Foliage.InstancedFoliageActor Name:InstancedFoliageActor_25600_0_0_0 Label:InstancedFoliageActor_0_0_0 SpatiallyLoaded:1 Bounds:(Editor:IsValid=true, Min=(X=0.000 Y=0.000 Z=0.000), Max=(X=25600.000 Y=25600.000 Z=25600.000) Runtime:IsValid=true, Min=(X=-25.661 Y=-35.629 Z=-7.463), Max=(X=2954.567 Y=3454.411 Z=326.117)) RuntimeGrid:None EditorOnly:0 RuntimeOnly:0 HLODRelevant:1 ListedInSceneOutliner:1 IsMainWorldOnly:0
 |   |   |- Guid:E4B1EA514EC868531F5236BCA1E24D4C BaseClass: NativeClass:/Script/Engine.StaticMeshActor Name:StaticMeshActor_UAID_A4AE111137DC5EFB00_1110535423 Label:SM_SkySphere SpatiallyLoaded:0 Bounds:IsValid=true, Min=(X=-1638400.000 Y=-1638400.000 Z=-1638400.000), Max=(X=1638400.000 Y=1638400.000 Z=1638400.000) RuntimeGrid:None EditorOnly:0 RuntimeOnly:0 HLODRelevant:0 ListedInSceneOutliner:1 IsMainWorldOnly:0 FolderPath:Lighting FolderGuid:963EC3EB4002CCE9759E2EBA541A873A
 |   |   |- Guid:F13C28D1414570172B373595D041CD2D BaseClass: NativeClass:/Script/Engine.PlayerStart Name:PlayerStart_0 Label:PlayerStart SpatiallyLoaded:0 Bounds:IsValid=true, Min=(X=860.000 Y=1070.000 Z=0.013), Max=(X=940.000 Y=1150.000 Z=184.013) RuntimeGrid:None EditorOnly:0 RuntimeOnly:0 HLODRelevant:0 ListedInSceneOutliner:1 IsMainWorldOnly:0
 |   |   |- Guid:F44C80A845847187FFD0DFA439781AEA BaseClass: NativeClass:/Script/Engine.StaticMeshActor Name:StaticMeshActor_UAID_04BF1BBD8566796E02_1610734951 Label:SM_ENV_TREE_village_LOD0 SpatiallyLoaded:1 Bounds:IsValid=true, Min=(X=2294.261 Y=2342.511 Z=0.000), Max=(X=2765.739 Y=2813.990 Z=593.933) RuntimeGrid:None EditorOnly:0 RuntimeOnly:0 HLODRelevant:1 ListedInSceneOutliner:1 IsMainWorldOnly:0
 |   |   |- Guid:F90F82494BF61E09078B70BED1329CBE BaseClass: NativeClass:/Script/Foliage.InstancedFoliageActor Name:InstancedFoliageActor_25600_0_0_-1 Label:InstancedFoliageActor_0_0_-1 SpatiallyLoaded:1 Bounds:(Editor:IsValid=true, Min=(X=0.000 Y=0.000 Z=-25600.000), Max=(X=25600.000 Y=25600.000 Z=0.000) Runtime:IsValid=true, Min=(X=-17.664 Y=-27.606 Z=-102.655), Max=(X=4255.550 Y=4614.814 Z=71.329)) RuntimeGrid:None EditorOnly:0 RuntimeOnly:0 HLODRelevant:1 ListedInSceneOutliner:1 IsMainWorldOnly:0
 |   |- [+] Clusters:
 |   |   |- [+] [  0]
 |   |   |   |- Guid:0A6DC46E47DB0A76495FC29D746AADDF BaseClass: NativeClass:/Script/Engine.StaticMeshActor Name:StaticMeshActor_11 Label:SM_ChamferCube3 SpatiallyLoaded:1 Bounds:IsValid=true, Min=(X=81.699 Y=2111.699 Z=0.013), Max=(X=218.301 Y=2248.301 Z=100.013) RuntimeGrid:None EditorOnly:0 RuntimeOnly:0 HLODRelevant:0 ListedInSceneOutliner:1 IsMainWorldOnly:0
 |   |   |- [+] [  1]
 |   |   |   |- Guid:21BAAB3A4C63A9DA406E37BC0A2BB8A3 BaseClass: NativeClass:/Script/Foliage.InstancedFoliageActor Name:InstancedFoliageActor_25600_0_-1_-1 Label:InstancedFoliageActor_0_-1_-1 SpatiallyLoaded:1 Bounds:(Editor:IsValid=true, Min=(X=0.000 Y=-25600.000 Z=-25600.000), Max=(X=25600.000 Y=0.000 Z=0.000) Runtime:IsValid=true, Min=(X=-20.452 Y=-1574.711 Z=-103.226), Max=(X=3691.252 Y=24.863 Z=70.508)) RuntimeGrid:None EditorOnly:0 RuntimeOnly:0 HLODRelevant:1 ListedInSceneOutliner:1 IsMainWorldOnly:0
 |   |   |- [+] [  2]
 |   |   |   |- Guid:225635AE48060E2E5CF8E799161EAFFB BaseClass: NativeClass:/Script/Engine.StaticMeshActor Name:StaticMeshActor_UAID_04BF1BBD85667A6E02_1422902142 Label:SM_PROP_fence_v03_4 SpatiallyLoaded:1 Bounds:IsValid=true, Min=(X=2200.740 Y=842.316 Z=14.505), Max=(X=2408.137 Y=949.464 Z=131.386) RuntimeGrid:None EditorOnly:0 RuntimeOnly:0 HLODRelevant:1 ListedInSceneOutliner:1 IsMainWorldOnly:0
 |   |   |- [+] [  3]
 |   |   |   |- Guid:267B250F4D544D1852E51BA9CBE89D64 BaseClass: NativeClass:/Script/Engine.StaticMeshActor Name:StaticMeshActor_UAID_04BF1BBD85667A6E02_1194924134 Label:SM_GrassMoundA SpatiallyLoaded:1 Bounds:IsValid=true, Min=(X=-2009.651 Y=-1565.229 Z=-97.854), Max=(X=4234.292 Y=4700.454 Z=53.240) RuntimeGrid:None EditorOnly:0 RuntimeOnly:0 HLODRelevant:1 ListedInSceneOutliner:1 IsMainWorldOnly:0
 |   |   |- [+] [  4]
 |   |   |   |- Guid:37276DC5449A9ED127A9C3967C6B64C9 BaseClass: NativeClass:/Script/Foliage.InstancedFoliageActor Name:InstancedFoliageActor_25600_-1_0_0 Label:InstancedFoliageActor_-1_0_0 SpatiallyLoaded:1 Bounds:(Editor:IsValid=true, Min=(X=-25600.000 Y=0.000 Z=0.000), Max=(X=0.000 Y=25600.000 Z=25600.000) Runtime:IsValid=true, Min=(X=-1053.985 Y=-13.137 Z=-6.324), Max=(X=29.914 Y=3221.457 Z=109.115)) RuntimeGrid:None EditorOnly:0 RuntimeOnly:0 HLODRelevant:1 ListedInSceneOutliner:1 IsMainWorldOnly:0
 |   |   |- [+] [  5]
 |   |   |   |- Guid:37528A3D42F39AE92EBFF6991A86B571 BaseClass: NativeClass:/Script/Engine.TextRenderActor Name:TextRenderActor_1 Label:TextRenderActor SpatiallyLoaded:1 Bounds:IsValid=true, Min=(X=-1860.100 Y=1720.000 Z=65.013), Max=(X=-1860.100 Y=2187.308 Z=215.013) RuntimeGrid:None EditorOnly:0 RuntimeOnly:0 HLODRelevant:0 ListedInSceneOutliner:1 IsMainWorldOnly:0
 |   |   |- [+] [  6]
 |   |   |   |- Guid:3E6CA9DC4DA7E7C11F217BA08E4A6415 BaseClass: NativeClass:/Script/Engine.SkyAtmosphere Name:SkyAtmosphere_0 Label:SkyAtmosphere SpatiallyLoaded:0 Bounds:IsValid=true, Min=(X=0.000 Y=0.000 Z=1020.000), Max=(X=0.000 Y=0.000 Z=1020.000) RuntimeGrid:None EditorOnly:0 RuntimeOnly:0 HLODRelevant:0 ListedInSceneOutliner:1 IsMainWorldOnly:0 FolderPath:Lighting FolderGuid:963EC3EB4002CCE9759E2EBA541A873A
 |   |   |- [+] [  7]
 |   |   |   |- Guid:4569526B47CFE21E43B028A6B58C2E9B BaseClass: NativeClass:/Script/Engine.ExponentialHeightFog Name:ExponentialHeightFog_0 Label:ExponentialHeightFog SpatiallyLoaded:0 Bounds:IsValid=true, Min=(X=-5600.000 Y=-50.000 Z=-6850.000), Max=(X=-5600.000 Y=-50.000 Z=-6850.000) RuntimeGrid:None EditorOnly:0 RuntimeOnly:0 HLODRelevant:0 ListedInSceneOutliner:1 IsMainWorldOnly:0 FolderPath:Lighting FolderGuid:963EC3EB4002CCE9759E2EBA541A873A
 |   |   |- [+] [  8]
 |   |   |   |- Guid:4A4733B542A408FB503F5D9C35BC0C0F BaseClass: NativeClass:/Script/Foliage.InstancedFoliageActor Name:InstancedFoliageActor_25600_0_-1_0 Label:InstancedFoliageActor_0_-1_0 SpatiallyLoaded:1 Bounds:(Editor:IsValid=true, Min=(X=0.000 Y=-25600.000 Z=0.000), Max=(X=25600.000 Y=0.000 Z=25600.000) Runtime:IsValid=true, Min=(X=48.221 Y=-366.562 Z=-6.662), Max=(X=2548.778 Y=25.994 Z=176.317)) RuntimeGrid:None EditorOnly:0 RuntimeOnly:0 HLODRelevant:1 ListedInSceneOutliner:1 IsMainWorldOnly:0
 |   |   |- [+] [  9]
 |   |   |   |- Guid:4C38882B44477ECD54A56FAED21748BF BaseClass: NativeClass:/Script/Engine.StaticMeshActor Name:StaticMeshActor_UAID_04BF1BBD85667A6E02_1345013138 Label:SM_PROP_fence_v03_04 SpatiallyLoaded:1 Bounds:IsValid=true, Min=(X=1902.348 Y=-35.638 Z=24.505), Max=(X=2110.722 Y=74.192 Z=141.386) RuntimeGrid:None EditorOnly:0 RuntimeOnly:0 HLODRelevant:1 ListedInSceneOutliner:1 IsMainWorldOnly:0
 |   |   |- [+] [ 10]
 |   |   |   |- Guid:56C22A9E45A9C12E44FB93A183CFAFE4 BaseClass: NativeClass:/Script/Engine.StaticMeshActor Name:StaticMeshActor_UAID_04BF1BBD85667A6E02_1829607147 Label:SM_PROP_fence_v03_8 SpatiallyLoaded:1 Bounds:IsValid=true, Min=(X=2583.000 Y=212.166 Z=24.505), Max=(X=2692.829 Y=420.540 Z=141.386) RuntimeGrid:None EditorOnly:0 RuntimeOnly:0 HLODRelevant:1 ListedInSceneOutliner:1 IsMainWorldOnly:0
 |   |   |- [+] [ 11]
 |   |   |   |- Guid:5F98D4F649FD76E4BC9D4092175A2470 BaseClass: NativeClass:/Script/Engine.StaticMeshActor Name:StaticMeshActor_2 Label:SM_ChamferCube SpatiallyLoaded:1 Bounds:IsValid=true, Min=(X=90.000 Y=2000.000 Z=0.013), Max=(X=190.000 Y=2100.000 Z=100.013) RuntimeGrid:None EditorOnly:0 RuntimeOnly:0 HLODRelevant:0 ListedInSceneOutliner:1 IsMainWorldOnly:0
 |   |   |- [+] [ 12]
 |   |   |   |- Guid:64DB159343E4B1BC69E1B18380613423 BaseClass: NativeClass:/Script/Engine.StaticMeshActor Name:StaticMeshActor_UAID_04BF1BBD8566796E02_1619344953 Label:SM_ENV_TREE_village_LOD1 SpatiallyLoaded:1 Bounds:IsValid=true, Min=(X=2274.261 Y=1652.511 Z=0.000), Max=(X=2745.739 Y=2123.990 Z=593.933) RuntimeGrid:None EditorOnly:0 RuntimeOnly:0 HLODRelevant:1 ListedInSceneOutliner:1 IsMainWorldOnly:0
 |   |   |- [+] [ 13]
 |   |   |   |- Guid:69F85FC846E341EADBD10DBEACD067A2 BaseClass: NativeClass:/Script/Engine.StaticMeshActor Name:StaticMeshActor_UAID_04BF1BBD85667A6E02_1422901141 Label:SM_PROP_fence_v03_3 SpatiallyLoaded:1 Bounds:IsValid=true, Min=(X=2010.218 Y=899.957 Z=4.505), Max=(X=2225.126 Y=1012.305 Z=121.386) RuntimeGrid:None EditorOnly:0 RuntimeOnly:0 HLODRelevant:1 ListedInSceneOutliner:1 IsMainWorldOnly:0
 |   |   |- [+] [ 14]
 |   |   |   |- Guid:716C319E4ED90F2381C763BEAE369746 BaseClass: NativeClass:/Script/Engine.StaticMeshActor Name:StaticMeshActor_UAID_04BF1BBD85667A6E02_1360407140 Label:SM_PROP_fence_v02_01 SpatiallyLoaded:1 Bounds:IsValid=true, Min=(X=1706.837 Y=24.132 Z=24.505), Max=(X=1919.225 Y=135.562 Z=141.386) RuntimeGrid:None EditorOnly:0 RuntimeOnly:0 HLODRelevant:1 ListedInSceneOutliner:1 IsMainWorldOnly:0
 |   |   |- [+] [ 15]
 |   |   |   |- Guid:75F78400425DFACD8AAE179238CB8496 BaseClass: NativeClass:/Script/Engine.StaticMeshActor Name:StaticMeshActor_UAID_04BF1BBD85667A6E02_1829604145 Label:SM_PROP_fence_v03_6 SpatiallyLoaded:1 Bounds:IsValid=true, Min=(X=2685.870 Y=578.132 Z=4.505), Max=(X=2798.218 Y=793.041 Z=121.386) RuntimeGrid:None EditorOnly:0 RuntimeOnly:0 HLODRelevant:1 ListedInSceneOutliner:1 IsMainWorldOnly:0
 |   |   |- [+] [ 16]
 |   |   |   |- Guid:7E47C57846CACE1DAD32A49FEE5CA6CA BaseClass: NativeClass:/Script/Foliage.InstancedFoliageActor Name:InstancedFoliageActor_25600_-1_-1_-1 Label:InstancedFoliageActor_-1_-1_-1 SpatiallyLoaded:1 Bounds:(Editor:IsValid=true, Min=(X=-25600.000 Y=-25600.000 Z=-25600.000), Max=(X=0.000 Y=0.000 Z=0.000) Runtime:IsValid=true, Min=(X=-1581.966 Y=-1278.325 Z=-102.593), Max=(X=22.690 Y=25.462 Z=70.131)) RuntimeGrid:None EditorOnly:0 RuntimeOnly:0 HLODRelevant:1 ListedInSceneOutliner:1 IsMainWorldOnly:0
 |   |   |- [+] [ 17]
 |   |   |   |- Guid:846A3F094FBCEB2837376F8A791ACAC0 BaseClass: NativeClass:/Script/Engine.VolumetricCloud Name:VolumetricCloud_0 Label:VolumetricCloud SpatiallyLoaded:0 Bounds:IsValid=true, Min=(X=0.000 Y=0.000 Z=820.000), Max=(X=0.000 Y=0.000 Z=820.000) RuntimeGrid:None EditorOnly:0 RuntimeOnly:0 HLODRelevant:0 ListedInSceneOutliner:1 IsMainWorldOnly:0 FolderPath:Lighting FolderGuid:963EC3EB4002CCE9759E2EBA541A873A
 |   |   |- [+] [ 18]
 |   |   |   |- Guid:90C655AB4B9E63C04094D98749455B42 BaseClass: NativeClass:/Script/Foliage.InstancedFoliageActor Name:InstancedFoliageActor_25600_-1_0_-1 Label:InstancedFoliageActor_-1_0_-1 SpatiallyLoaded:1 Bounds:(Editor:IsValid=true, Min=(X=-25600.000 Y=0.000 Z=-25600.000), Max=(X=0.000 Y=25600.000 Z=0.000) Runtime:IsValid=true, Min=(X=-2024.189 Y=-21.239 Z=-103.669), Max=(X=20.873 Y=4309.041 Z=70.890)) RuntimeGrid:None EditorOnly:0 RuntimeOnly:0 HLODRelevant:1 ListedInSceneOutliner:1 IsMainWorldOnly:0
 |   |   |- [+] [ 19]
 |   |   |   |- Guid:93AECE0E4B8C9EB5080DE0BBF46AF16D BaseClass: NativeClass:/Script/Engine.StaticMeshActor Name:StaticMeshActor_UAID_04BF1BBD85667A6E02_1338520137 Label:SM_PROP_fence_v03_03 SpatiallyLoaded:1 Bounds:IsValid=true, Min=(X=2085.304 Y=-78.185 Z=14.505), Max=(X=2292.701 Y=28.962 Z=131.386) RuntimeGrid:None EditorOnly:0 RuntimeOnly:0 HLODRelevant:1 ListedInSceneOutliner:1 IsMainWorldOnly:0
 |   |   |- [+] [ 20]
 |   |   |   |- Guid:97F3B8434E6246B56576E8B9E9745D56 BaseClass: NativeClass:/Script/Engine.DirectionalLight Name:DirectionalLight_0 Label:DirectionalLight SpatiallyLoaded:0 Bounds:Invalid RuntimeGrid:None EditorOnly:0 RuntimeOnly:0 HLODRelevant:0 ListedInSceneOutliner:1 IsMainWorldOnly:0 FolderPath:Lighting FolderGuid:963EC3EB4002CCE9759E2EBA541A873A
 |   |   |- [+] [ 21]
 |   |   |   |- Guid:A1902CD042F26807D870BB852C4851A2 BaseClass: NativeClass:/Script/Engine.StaticMeshActor Name:StaticMeshActor_UAID_04BF1BBD85667A6E02_1422904143 Label:SM_PROP_fence_v03_5 SpatiallyLoaded:1 Bounds:IsValid=true, Min=(X=2382.719 Y=797.086 Z=24.505), Max=(X=2591.093 Y=906.916 Z=141.386) RuntimeGrid:None EditorOnly:0 RuntimeOnly:0 HLODRelevant:1 ListedInSceneOutliner:1 IsMainWorldOnly:0
 |   |   |- [+] [ 22]
 |   |   |   |- Guid:A32EC37C4D4B7C1B4D3B0681B8AFF6E4 BaseClass: NativeClass:/Script/Foliage.InstancedFoliageActor Name:InstancedFoliageActor_25600_-1_-1_0 Label:InstancedFoliageActor_-1_-1_0 SpatiallyLoaded:1 Bounds:(Editor:IsValid=true, Min=(X=-25600.000 Y=-25600.000 Z=0.000), Max=(X=0.000 Y=0.000 Z=25600.000) Runtime:IsValid=true, Min=(X=-118.149 Y=-140.553 Z=0.840), Max=(X=-5.339 Y=16.522 Z=92.278)) RuntimeGrid:None EditorOnly:0 RuntimeOnly:0 HLODRelevant:1 ListedInSceneOutliner:1 IsMainWorldOnly:0
 |   |   |- [+] [ 23]
 |   |   |   |- Guid:A50AFD734368AD0EB0E7F29BD1463BE0 BaseClass: NativeClass:/Script/Engine.WorldDataLayers Name:WorldDataLayers Label:WorldDataLayers SpatiallyLoaded:0 Bounds:Invalid RuntimeGrid:None EditorOnly:0 RuntimeOnly:0 HLODRelevant:0 ListedInSceneOutliner:1 IsMainWorldOnly:1
 |   |   |- [+] [ 24]
 |   |   |   |- Guid:AAC4A06849E0336CC746DD8BD43F8CA3 BaseClass: NativeClass:/Script/Engine.StaticMeshActor Name:StaticMeshActor_UAID_04BF1BBD85667A6E02_1327052136 Label:SM_PROP_fence_v03_2 SpatiallyLoaded:1 Bounds:IsValid=true, Min=(X=2268.315 Y=-141.026 Z=4.505), Max=(X=2483.223 Y=-28.679 Z=121.386) RuntimeGrid:None EditorOnly:0 RuntimeOnly:0 HLODRelevant:1 ListedInSceneOutliner:1 IsMainWorldOnly:0
 |   |   |- [+] [ 25]
 |   |   |   |- Guid:ABC2C8FC4CF6C6153B69C1BFEB3C6FF6 BaseClass: NativeClass:/Script/Engine.StaticMeshActor Name:StaticMeshActor_UAID_04BF1BBD85667A6E02_1422905144 Label:SM_PROP_fence_v02_2 SpatiallyLoaded:1 Bounds:IsValid=true, Min=(X=2574.216 Y=735.717 Z=24.505), Max=(X=2786.604 Y=847.147 Z=141.386) RuntimeGrid:None EditorOnly:0 RuntimeOnly:0 HLODRelevant:1 ListedInSceneOutliner:1 IsMainWorldOnly:0
 |   |   |- [+] [ 26]
 |   |   |   |- Guid:B147F5CA46BD3459B5902786A266692F BaseClass: NativeClass:/Script/Engine.SkyLight Name:SkyLight_1 Label:SkyLight SpatiallyLoaded:0 Bounds:IsValid=true, Min=(X=0.000 Y=0.000 Z=690.000), Max=(X=0.000 Y=0.000 Z=690.000) RuntimeGrid:None EditorOnly:0 RuntimeOnly:0 HLODRelevant:0 ListedInSceneOutliner:1 IsMainWorldOnly:0 FolderPath:Lighting FolderGuid:963EC3EB4002CCE9759E2EBA541A873A
 |   |   |- [+] [ 27]
 |   |   |   |- Guid:B634221F48D74D7A8E08F485A47BE6CA BaseClass: NativeClass:/Script/Engine.StaticMeshActor Name:StaticMeshActor_10 Label:SM_ChamferCube2 SpatiallyLoaded:1 Bounds:IsValid=true, Min=(X=112.077 Y=2272.077 Z=0.013), Max=(X=227.923 Y=2387.923 Z=100.013) RuntimeGrid:None EditorOnly:0 RuntimeOnly:0 HLODRelevant:0 ListedInSceneOutliner:1 IsMainWorldOnly:0
 |   |   |- [+] [ 28]
 |   |   |   |- Guid:C228BAB44BBBFF427661B88A22A1AEAC BaseClass: NativeClass:/Script/Engine.StaticMeshActor Name:StaticMeshActor_UAID_04BF1BBD85667A6E02_1829606146 Label:SM_PROP_fence_v03_7 SpatiallyLoaded:1 Bounds:IsValid=true, Min=(X=2628.229 Y=395.121 Z=14.505), Max=(X=2735.377 Y=602.519 Z=131.386) RuntimeGrid:None EditorOnly:0 RuntimeOnly:0 HLODRelevant:1 ListedInSceneOutliner:1 IsMainWorldOnly:0
 |   |   |- [+] [ 29]
 |   |   |   |- Guid:C38471D14CA0C24E2E0CF4AFAF455A1A BaseClass: NativeClass:/Script/Engine.StaticMeshActor Name:StaticMeshActor_UAID_04BF1BBD85667A6E02_1829607148 Label:SM_PROP_fence_v02_3 SpatiallyLoaded:1 Bounds:IsValid=true, Min=(X=2521.630 Y=16.655 Z=24.505), Max=(X=2633.060 Y=229.043 Z=141.386) RuntimeGrid:None EditorOnly:0 RuntimeOnly:0 HLODRelevant:1 ListedInSceneOutliner:1 IsMainWorldOnly:0
 |   |   |- [+] [ 30]
 |   |   |   |- Guid:C827B3F24FAF588FA32095AD8B3CF697 BaseClass: NativeClass:/Script/Engine.PostProcessVolume Name:PostProcessVolume_0 Label:PostProcessVolume SpatiallyLoaded:0 Bounds:IsValid=true, Min=(X=0.000 Y=0.000 Z=400.000), Max=(X=200.000 Y=200.000 Z=600.000) RuntimeGrid:None EditorOnly:0 RuntimeOnly:0 HLODRelevant:0 ListedInSceneOutliner:1 IsMainWorldOnly:0 FolderPath:Lighting FolderGuid:963EC3EB4002CCE9759E2EBA541A873A
 |   |   |- [+] [ 31]
 |   |   |   |- Guid:D8873A7B4BF90FAB19E52C8C9FF39B4A BaseClass: NativeClass:/Script/Engine.StaticMeshActor Name:StaticMeshActor_UAID_04BF1BBD85667A6E02_1856006149 Label:SM_PROP_fence_v02_04 SpatiallyLoaded:1 Bounds:IsValid=true, Min=(X=2453.821 Y=-144.174 Z=4.504), Max=(X=2565.208 Y=65.581 Z=121.385) RuntimeGrid:None EditorOnly:0 RuntimeOnly:0 HLODRelevant:1 ListedInSceneOutliner:1 IsMainWorldOnly:0
 |   |   |- [+] [ 32]
 |   |   |   |- Guid:DCA9FB69483C1877DF6B1BA37B7DE552 BaseClass: NativeClass:/Script/Foliage.InstancedFoliageActor Name:InstancedFoliageActor_25600_0_0_0 Label:InstancedFoliageActor_0_0_0 SpatiallyLoaded:1 Bounds:(Editor:IsValid=true, Min=(X=0.000 Y=0.000 Z=0.000), Max=(X=25600.000 Y=25600.000 Z=25600.000) Runtime:IsValid=true, Min=(X=-25.661 Y=-35.629 Z=-7.463), Max=(X=2954.567 Y=3454.411 Z=326.117)) RuntimeGrid:None EditorOnly:0 RuntimeOnly:0 HLODRelevant:1 ListedInSceneOutliner:1 IsMainWorldOnly:0
 |   |   |- [+] [ 33]
 |   |   |   |- Guid:E4B1EA514EC868531F5236BCA1E24D4C BaseClass: NativeClass:/Script/Engine.StaticMeshActor Name:StaticMeshActor_UAID_A4AE111137DC5EFB00_1110535423 Label:SM_SkySphere SpatiallyLoaded:0 Bounds:IsValid=true, Min=(X=-1638400.000 Y=-1638400.000 Z=-1638400.000), Max=(X=1638400.000 Y=1638400.000 Z=1638400.000) RuntimeGrid:None EditorOnly:0 RuntimeOnly:0 HLODRelevant:0 ListedInSceneOutliner:1 IsMainWorldOnly:0 FolderPath:Lighting FolderGuid:963EC3EB4002CCE9759E2EBA541A873A
 |   |   |- [+] [ 34]
 |   |   |   |- Guid:F13C28D1414570172B373595D041CD2D BaseClass: NativeClass:/Script/Engine.PlayerStart Name:PlayerStart_0 Label:PlayerStart SpatiallyLoaded:0 Bounds:IsValid=true, Min=(X=860.000 Y=1070.000 Z=0.013), Max=(X=940.000 Y=1150.000 Z=184.013) RuntimeGrid:None EditorOnly:0 RuntimeOnly:0 HLODRelevant:0 ListedInSceneOutliner:1 IsMainWorldOnly:0
 |   |   |- [+] [ 35]
 |   |   |   |- Guid:F44C80A845847187FFD0DFA439781AEA BaseClass: NativeClass:/Script/Engine.StaticMeshActor Name:StaticMeshActor_UAID_04BF1BBD8566796E02_1610734951 Label:SM_ENV_TREE_village_LOD0 SpatiallyLoaded:1 Bounds:IsValid=true, Min=(X=2294.261 Y=2342.511 Z=0.000), Max=(X=2765.739 Y=2813.990 Z=593.933) RuntimeGrid:None EditorOnly:0 RuntimeOnly:0 HLODRelevant:1 ListedInSceneOutliner:1 IsMainWorldOnly:0
 |   |   |- [+] [ 36]
 |   |   |   |- Guid:F90F82494BF61E09078B70BED1329CBE BaseClass: NativeClass:/Script/Foliage.InstancedFoliageActor Name:InstancedFoliageActor_25600_0_0_-1 Label:InstancedFoliageActor_0_0_-1 SpatiallyLoaded:1 Bounds:(Editor:IsValid=true, Min=(X=0.000 Y=0.000 Z=-25600.000), Max=(X=25600.000 Y=25600.000 Z=0.000) Runtime:IsValid=true, Min=(X=-17.664 Y=-27.606 Z=-102.655), Max=(X=4255.550 Y=4614.814 Z=71.329)) RuntimeGrid:None EditorOnly:0 RuntimeOnly:0 HLODRelevant:1 ListedInSceneOutliner:1 IsMainWorldOnly:0
 |- ContainerInstances:
 |- [+] MainContainer:
 |   |-        ID: 00000000000000000000000000000000
 |   |-  ParentID: 00000000000000000000000000000000
 |   |-    Bounds: IsValid=false, Min=(X=0.000 Y=0.000 Z=0.000), Max=(X=0.000 Y=0.000 Z=0.000)
 |   |- Transform: 0.000000,0.000000,0.000000|0.000000,0.000000,-0.000000|1.000000,1.000000,1.000000
 |   |- Container: /Game/ThirdPerson/Maps/Moco
----------------------------------------------------------------------------------------------------------------
Moco - Persistent Level
----------------------------------------------------------------------------------------------------------------
[+] Content of Moco Persistent Level
 |- Always loaded Actor Count: 37 
 |- Actor Path: /Game/ThirdPerson/Maps/Moco.Moco:PersistentLevel.DirectionalLight_0
 |- Actor Package: /Game/__ExternalActors__/ThirdPerson/Maps/Moco/B/J4/6LYG7NE8UV0C6G16VO3N3Y
 |- Actor Path: /Game/ThirdPerson/Maps/Moco.Moco:PersistentLevel.ExponentialHeightFog_0
 |- Actor Package: /Game/__ExternalActors__/ThirdPerson/Maps/Moco/4/G3/8RQB4BO3Q9FJTYPVRW0X2T
 |- Actor Path: /Game/ThirdPerson/Maps/Moco.Moco:PersistentLevel.InstancedFoliageActor_25600_-1_-1_-1
 |- Actor Package: /Game/__ExternalActors__/ThirdPerson/Maps/Moco/7/Y2/V9PUP5OIZZNI4IK2Q1QR3Y
 |- Actor Path: /Game/ThirdPerson/Maps/Moco.Moco:PersistentLevel.InstancedFoliageActor_25600_-1_-1_0
 |- Actor Package: /Game/__ExternalActors__/ThirdPerson/Maps/Moco/5/EX/Z1FCKRP3QIF492USD61ZUC
 |- Actor Path: /Game/ThirdPerson/Maps/Moco.Moco:PersistentLevel.InstancedFoliageActor_25600_-1_0_-1
 |- Actor Package: /Game/__ExternalActors__/ThirdPerson/Maps/Moco/E/9B/70V5YVV6W8B6BRCT53FDB1
 |- Actor Path: /Game/ThirdPerson/Maps/Moco.Moco:PersistentLevel.InstancedFoliageActor_25600_-1_0_0
 |- Actor Package: /Game/__ExternalActors__/ThirdPerson/Maps/Moco/C/DF/394UIM1BJ2J21POERD9LFN
 |- Actor Path: /Game/ThirdPerson/Maps/Moco.Moco:PersistentLevel.InstancedFoliageActor_25600_0_-1_-1
 |- Actor Package: /Game/__ExternalActors__/ThirdPerson/Maps/Moco/5/1S/LHCJ6BZBMCEADTKRKDLA5U
 |- Actor Path: /Game/ThirdPerson/Maps/Moco.Moco:PersistentLevel.InstancedFoliageActor_25600_0_-1_0
 |- Actor Package: /Game/__ExternalActors__/ThirdPerson/Maps/Moco/4/2P/Z3LN4WS5UPYOW83DSLKXTR
 |- Actor Path: /Game/ThirdPerson/Maps/Moco.Moco:PersistentLevel.InstancedFoliageActor_25600_0_0_-1
 |- Actor Package: /Game/__ExternalActors__/ThirdPerson/Maps/Moco/9/T0/4E2UUER5THXH7N6P67O8GE
 |- Actor Path: /Game/ThirdPerson/Maps/Moco.Moco:PersistentLevel.InstancedFoliageActor_25600_0_0_0
 |- Actor Package: /Game/__ExternalActors__/ThirdPerson/Maps/Moco/9/P0/DGW3FNI7AS4RU9O4Q5VTWN
 |- Actor Path: /Game/ThirdPerson/Maps/Moco.Moco:PersistentLevel.PlayerStart_0
 |- Actor Package: /Game/__ExternalActors__/ThirdPerson/Maps/Moco/C/46/RJ1YX2U8N1ROU53QCVN6M3
 |- Actor Path: /Game/ThirdPerson/Maps/Moco.Moco:PersistentLevel.PostProcessVolume_0
 |- Actor Package: /Game/__ExternalActors__/ThirdPerson/Maps/Moco/9/UA/4RFHTAKYO22V5EJAQKW31Y
 |- Actor Path: /Game/ThirdPerson/Maps/Moco.Moco:PersistentLevel.SkyAtmosphere_0
 |- Actor Package: /Game/__ExternalActors__/ThirdPerson/Maps/Moco/5/X7/Y2A5B53DMJYDKG2663WE2C
 |- Actor Path: /Game/ThirdPerson/Maps/Moco.Moco:PersistentLevel.SkyLight_1
 |- Actor Package: /Game/__ExternalActors__/ThirdPerson/Maps/Moco/0/C5/BUA3HEM69GJOGBQJVX5Y5F
 |- Actor Path: /Game/ThirdPerson/Maps/Moco.Moco:PersistentLevel.StaticMeshActor_10
 |- Actor Package: /Game/__ExternalActors__/ThirdPerson/Maps/Moco/1/BB/Y2D0KPLQEVMTVP1358TA2R
 |- Actor Path: /Game/ThirdPerson/Maps/Moco.Moco:PersistentLevel.StaticMeshActor_11
 |- Actor Package: /Game/__ExternalActors__/ThirdPerson/Maps/Moco/A/2N/D35WLMZ78JWCUVDZYBUVCH
 |- Actor Path: /Game/ThirdPerson/Maps/Moco.Moco:PersistentLevel.StaticMeshActor_2
 |- Actor Package: /Game/__ExternalActors__/ThirdPerson/Maps/Moco/7/LI/J7EERV7NM0TYNYNXM29BF3
 |- Actor Path: /Game/ThirdPerson/Maps/Moco.Moco:PersistentLevel.StaticMeshActor_UAID_04BF1BBD8566796E02_1610734951
 |- Actor Package: /Game/__ExternalActors__/ThirdPerson/Maps/Moco/3/AK/ZHDIU3KUKRH9S2JBMXCPPB
 |- Actor Path: /Game/ThirdPerson/Maps/Moco.Moco:PersistentLevel.StaticMeshActor_UAID_04BF1BBD8566796E02_1619344953
 |- Actor Package: /Game/__ExternalActors__/ThirdPerson/Maps/Moco/5/LD/1S30DHV4VJYL2NT2A6UM3M
 |- Actor Path: /Game/ThirdPerson/Maps/Moco.Moco:PersistentLevel.StaticMeshActor_UAID_04BF1BBD85667A6E02_1194924134
 |- Actor Package: /Game/__ExternalActors__/ThirdPerson/Maps/Moco/5/PH/FPVKQ8YPH82QVO9NJX6QER
 |- Actor Path: /Game/ThirdPerson/Maps/Moco.Moco:PersistentLevel.StaticMeshActor_UAID_04BF1BBD85667A6E02_1327052136
 |- Actor Package: /Game/__ExternalActors__/ThirdPerson/Maps/Moco/3/IM/3XCFGL6CTNDUBCDRIY73OO
 |- Actor Path: /Game/ThirdPerson/Maps/Moco.Moco:PersistentLevel.StaticMeshActor_UAID_04BF1BBD85667A6E02_1338520137
 |- Actor Package: /Game/__ExternalActors__/ThirdPerson/Maps/Moco/9/NR/90HIZOWRD6D2MXPOB469XB
 |- Actor Path: /Game/ThirdPerson/Maps/Moco.Moco:PersistentLevel.StaticMeshActor_UAID_04BF1BBD85667A6E02_1345013138
 |- Actor Package: /Game/__ExternalActors__/ThirdPerson/Maps/Moco/C/FL/HP1D0PJ4N7MD3YELHK4NNY
 |- Actor Path: /Game/ThirdPerson/Maps/Moco.Moco:PersistentLevel.StaticMeshActor_UAID_04BF1BBD85667A6E02_1360407140
 |- Actor Package: /Game/__ExternalActors__/ThirdPerson/Maps/Moco/B/DF/WM8H4XHQAXMQW9TQ0TSOGG
 |- Actor Path: /Game/ThirdPerson/Maps/Moco.Moco:PersistentLevel.StaticMeshActor_UAID_04BF1BBD85667A6E02_1422901141
 |- Actor Package: /Game/__ExternalActors__/ThirdPerson/Maps/Moco/8/LB/S2P9T7K7KOQRZ7ODVVY61G
 |- Actor Path: /Game/ThirdPerson/Maps/Moco.Moco:PersistentLevel.StaticMeshActor_UAID_04BF1BBD85667A6E02_1422902142
 |- Actor Package: /Game/__ExternalActors__/ThirdPerson/Maps/Moco/4/56/7LN06CVOKXW313XSYZ7DMM
 |- Actor Path: /Game/ThirdPerson/Maps/Moco.Moco:PersistentLevel.StaticMeshActor_UAID_04BF1BBD85667A6E02_1422904143
 |- Actor Package: /Game/__ExternalActors__/ThirdPerson/Maps/Moco/A/KW/WKHLDL86FBQMXTT6DNA681
 |- Actor Path: /Game/ThirdPerson/Maps/Moco.Moco:PersistentLevel.StaticMeshActor_UAID_04BF1BBD85667A6E02_1422905144
 |- Actor Package: /Game/__ExternalActors__/ThirdPerson/Maps/Moco/8/FR/6NNWHZ8DBCGTP9YC96PZ3A
 |- Actor Path: /Game/ThirdPerson/Maps/Moco.Moco:PersistentLevel.StaticMeshActor_UAID_04BF1BBD85667A6E02_1829604145
 |- Actor Package: /Game/__ExternalActors__/ThirdPerson/Maps/Moco/A/D9/4SV3FCJHIRFQ73DDP1V3SV
 |- Actor Path: /Game/ThirdPerson/Maps/Moco.Moco:PersistentLevel.StaticMeshActor_UAID_04BF1BBD85667A6E02_1829606146
 |- Actor Package: /Game/__ExternalActors__/ThirdPerson/Maps/Moco/D/YM/EKLUODQDQGM5YUJ1H8EXG3
 |- Actor Path: /Game/ThirdPerson/Maps/Moco.Moco:PersistentLevel.StaticMeshActor_UAID_04BF1BBD85667A6E02_1829607147
 |- Actor Package: /Game/__ExternalActors__/ThirdPerson/Maps/Moco/3/08/C70JJQI66JUC2VG61JXFAH
 |- Actor Path: /Game/ThirdPerson/Maps/Moco.Moco:PersistentLevel.StaticMeshActor_UAID_04BF1BBD85667A6E02_1829607148
 |- Actor Package: /Game/__ExternalActors__/ThirdPerson/Maps/Moco/E/6K/F5MF9OF0ZQ4TKUTF905J5G
 |- Actor Path: /Game/ThirdPerson/Maps/Moco.Moco:PersistentLevel.StaticMeshActor_UAID_04BF1BBD85667A6E02_1856006149
 |- Actor Package: /Game/__ExternalActors__/ThirdPerson/Maps/Moco/E/IT/VJUBR0HEC8BVS80Y4HO8IL
 |- Actor Path: /Game/ThirdPerson/Maps/Moco.Moco:PersistentLevel.StaticMeshActor_UAID_A4AE111137DC5EFB00_1110535423
 |- Actor Package: /Game/__ExternalActors__/ThirdPerson/Maps/Moco/5/DZ/K8TXGMHE172S949YBU474B
 |- Actor Path: /Game/ThirdPerson/Maps/Moco.Moco:PersistentLevel.TextRenderActor_1
 |- Actor Package: /Game/__ExternalActors__/ThirdPerson/Maps/Moco/3/5W/6D1A2XCQAW3HGNDMJI66N4
 |- Actor Path: /Game/ThirdPerson/Maps/Moco.Moco:PersistentLevel.VolumetricCloud_0
 |- Actor Package: /Game/__ExternalActors__/ThirdPerson/Maps/Moco/2/CA/PAYQTJSONI1M4ZD40KQBTD
 |- Actor Path: /Game/ThirdPerson/Maps/Moco.Moco:PersistentLevel.WorldDataLayers
 |- Actor Package: /Game/__ExternalActors__/ThirdPerson/Maps/Moco/C/ZH/6DU6EQGZ5Y4KCP830CH9QH

----------------------------------------------------------------------------------------------------------------
Moco - Runtime Hash Set
----------------------------------------------------------------------------------------------------------------

