[+] Containers:
 |- [+] Container: /Game/MVP_Resources/FirstPerson/Maps/FirstPersonMap
 |   |- [+] ActorDescs:
 |   |   |- Guid:128E54C14723720F1A7BE3BDA95F16E2 BaseClass: NativeClass:/Script/Engine.StaticMeshActor Name:StaticMeshActor_UAID_04BF1BBD85663F8502_1824455050 Label:wall_door2 SpatiallyLoaded:1 Bounds:IsValid=true, Min=(X=-6334.562 Y=426.526 Z=1487.897), Max=(X=-4203.631 Y=2477.207 Z=3303.287) RuntimeGrid:None EditorOnly:0 RuntimeOnly:0 HLODRelevant:1 ListedInSceneOutliner:1 IsMainWorldOnly:0
 |   |   |- Guid:21262252453B37957EF29F82ABA2413B BaseClass: NativeClass:/Script/Engine.TextRenderActor Name:TextRenderActor_1 Label:TextRenderActor SpatiallyLoaded:1 Bounds:IsValid=true, Min=(X=-0.100 Y=1100.000 Z=65.013), Max=(X=-0.100 Y=2363.461 Z=215.013) RuntimeGrid:None EditorOnly:0 RuntimeOnly:0 HLODRelevant:0 ListedInSceneOutliner:1 IsMainWorldOnly:0
 |   |   |- Guid:27157E6A40273B37C98684AF2A467C1E BaseClass: NativeClass:/Script/Engine.PlayerStart Name:PlayerStart_UAID_04BF1BBD85666F8202_1674459313 Label:PlayerStart SpatiallyLoaded:0 Bounds:IsValid=true, Min=(X=-1579.796 Y=-4599.796 Z=521.972), Max=(X=-1380.204 Y=-4400.204 Z=858.028) RuntimeGrid:None EditorOnly:0 RuntimeOnly:0 HLODRelevant:0 ListedInSceneOutliner:1 IsMainWorldOnly:0
 |   |   |- Guid:503301344EDD2580C9B8269BA1FF0C83 BaseClass: NativeClass:/Script/Engine.StaticMeshActor Name:StaticMeshActor_29 Label:SM_ChamferCube4 SpatiallyLoaded:1 Bounds:IsValid=true, Min=(X=334.338 Y=334.338 Z=0.063), Max=(X=545.662 Y=545.662 Z=150.063) RuntimeGrid:None EditorOnly:0 RuntimeOnly:0 HLODRelevant:0 ListedInSceneOutliner:1 IsMainWorldOnly:0 FolderPath:SimulatedCubes FolderGuid:9AEEADCB4DC6C647D6E7C0B4EDA1744F
 |   |   |- Guid:5FE7584649BB6F09265329A6C57CFD0D BaseClass: NativeClass:/Script/Engine.VolumetricCloud Name:VolumetricCloud_0 Label:VolumetricCloud SpatiallyLoaded:0 Bounds:IsValid=true, Min=(X=-400.000 Y=0.000 Z=1300.000), Max=(X=-400.000 Y=0.000 Z=1300.000) RuntimeGrid:None EditorOnly:0 RuntimeOnly:0 HLODRelevant:0 ListedInSceneOutliner:1 IsMainWorldOnly:0 FolderPath:Lighting FolderGuid:0BA5F0A04EADB18E70D5B180D08FA34B
 |   |   |- Guid:61391D344900612A77DFC3BA3E354907 BaseClass: NativeClass:/Script/Engine.ExponentialHeightFog Name:ExponentialHeightFog_0 Label:ExponentialHeightFog SpatiallyLoaded:0 Bounds:IsValid=true, Min=(X=-6000.000 Y=-50.000 Z=-6370.000), Max=(X=-6000.000 Y=-50.000 Z=-6370.000) RuntimeGrid:None EditorOnly:0 RuntimeOnly:0 HLODRelevant:0 ListedInSceneOutliner:1 IsMainWorldOnly:0 FolderPath:Lighting FolderGuid:0BA5F0A04EADB18E70D5B180D08FA34B
 |   |   |- Guid:61E90E3248F0931E141BC8858EC19B21 BaseClass: NativeClass:/Script/WaterEditor.WaterBrushManager Name:Landscape3_WaterBrushManager_0 Label:Landscape3_WaterBrushManager SpatiallyLoaded:0 Bounds:IsValid=true, Min=(X=0.000 Y=0.000 Z=0.000), Max=(X=0.000 Y=0.000 Z=0.000) RuntimeGrid:None EditorOnly:0 RuntimeOnly:0 HLODRelevant:0 ListedInSceneOutliner:1 IsMainWorldOnly:0
 |   |   |- Guid:6FEFB3BD4EB37B849EF0D4AC80F83855 BaseClass: NativeClass:/Script/Engine.WorldDataLayers Name:WorldDataLayers Label:WorldDataLayers SpatiallyLoaded:0 Bounds:Invalid RuntimeGrid:None EditorOnly:0 RuntimeOnly:0 HLODRelevant:0 ListedInSceneOutliner:1 IsMainWorldOnly:1
 |   |   |- Guid:775D49174CD6AF6AD2FBBF9EE7FC5C7E BaseClass: NativeClass:/Script/Engine.StaticMeshActor Name:StaticMeshActor_UAID_04BF1BBD85663F8502_1899374051 Label:torus SpatiallyLoaded:1 Bounds:IsValid=true, Min=(X=-9952.929 Y=-8185.735 Z=-910.358), Max=(X=3674.454 Y=3615.926 Z=1449.976) RuntimeGrid:None EditorOnly:0 RuntimeOnly:0 HLODRelevant:1 ListedInSceneOutliner:1 IsMainWorldOnly:0
 |   |   |- Guid:876615DD42B581D9F8398681D3943BA5 BaseClass: NativeClass:/Script/Water.WaterZone Name:WaterZone_UAID_04BF1BBD85663E8502_1948084870 Label:WaterZone SpatiallyLoaded:0 Bounds:IsValid=true, Min=(X=-25600.000 Y=-25600.000 Z=-25600.000), Max=(X=25600.000 Y=25600.000 Z=25600.000) RuntimeGrid:None EditorOnly:0 RuntimeOnly:0 HLODRelevant:0 ListedInSceneOutliner:1 IsMainWorldOnly:0
 |   |   |- Guid:B38818194DECF9A3FA5F2AA1DE7EE7E7 BaseClass:/Game/MVP_Resources/FirstPerson/Blueprints/BP_FirstPersonCharacter.BP_FirstPersonCharacter_C NativeClass:/Script/Engine.Character Name:BP_FirstPersonCharacter_C_UAID_04BF1BBD85666F8202_1644377312 Label:BP_FirstPersonCharacter SpatiallyLoaded:1 Bounds:IsValid=true, Min=(X=-1488.822 Y=-4737.285 Z=462.774), Max=(X=-1283.972 Y=-4532.435 Z=724.523) RuntimeGrid:None EditorOnly:0 RuntimeOnly:0 HLODRelevant:0 ListedInSceneOutliner:1 IsMainWorldOnly:0
 |   |   |- Guid:BEA877464958F5CC6E8D929FDCC520E5 BaseClass: NativeClass:/Script/Engine.StaticMeshActor Name:StaticMeshActor_UAID_04BF1BBD85661B8502_1408189695 Label:invermark_castle_scotland SpatiallyLoaded:1 Bounds:IsValid=true, Min=(X=-4005.785 Y=9442.850 Z=348.513), Max=(X=5446.721 Y=15359.388 Z=1505.481) RuntimeGrid:None EditorOnly:0 RuntimeOnly:0 HLODRelevant:1 ListedInSceneOutliner:1 IsMainWorldOnly:0
 |   |   |- Guid:C04B4CFF434267C810397B923CF0E360 BaseClass: NativeClass:/Script/AvalancheViewport.AvaViewportDataActor Name:AvaViewportDataActor_UAID_04BF1BBD85662A8502_1361030336 Label:AvaViewportDataActor SpatiallyLoaded:1 Bounds:Invalid RuntimeGrid:None EditorOnly:0 RuntimeOnly:0 HLODRelevant:0 ListedInSceneOutliner:0 IsMainWorldOnly:0
 |   |   |- Guid:C0C56B9644AE3D40CAFF6A878DB29844 BaseClass: NativeClass:/Script/Engine.StaticMeshActor Name:StaticMeshActor_UAID_A4AE111137DC5EFB00_2001720423 Label:SM_SkySphere SpatiallyLoaded:0 Bounds:IsValid=true, Min=(X=0.000 Y=0.000 Z=0.000), Max=(X=0.000 Y=0.000 Z=0.000) RuntimeGrid:None EditorOnly:0 RuntimeOnly:0 HLODRelevant:0 ListedInSceneOutliner:1 IsMainWorldOnly:0 FolderPath:Lighting FolderGuid:0BA5F0A04EADB18E70D5B180D08FA34B
 |   |   |- Guid:C22CE07C4B87D685137FDBBC10FC92C6 BaseClass: NativeClass:/Script/Engine.SkyAtmosphere Name:SkyAtmosphere_0 Label:SkyAtmosphere SpatiallyLoaded:0 Bounds:IsValid=true, Min=(X=-400.000 Y=0.000 Z=1500.000), Max=(X=-400.000 Y=0.000 Z=1500.000) RuntimeGrid:None EditorOnly:0 RuntimeOnly:0 HLODRelevant:0 ListedInSceneOutliner:1 IsMainWorldOnly:0 FolderPath:Lighting FolderGuid:0BA5F0A04EADB18E70D5B180D08FA34B
 |   |   |- Guid:C96FFBB84F173757A9772B9F3C832628 BaseClass: NativeClass:/Script/Engine.StaticMeshActor Name:StaticMeshActor_UAID_04BF1BBD85663F8502_2115539052 Label:ramp SpatiallyLoaded:1 Bounds:IsValid=true, Min=(X=-5738.139 Y=-2484.685 Z=-662.897), Max=(X=-1721.661 Y=1620.642 Z=1989.879) RuntimeGrid:None EditorOnly:0 RuntimeOnly:0 HLODRelevant:1 ListedInSceneOutliner:1 IsMainWorldOnly:0
 |   |   |- Guid:CB2618AB47294C7F274E989AC6BA13A6 BaseClass: NativeClass:/Script/PCG.PCGWorldActor Name:PCGWorldActor_UAID_04BF1BBD85661C8502_1362477872 Label:PCGWorldActor SpatiallyLoaded:0 Bounds:Invalid RuntimeGrid:None EditorOnly:0 RuntimeOnly:0 HLODRelevant:0 ListedInSceneOutliner:1 IsMainWorldOnly:0
 |   |   |- Guid:CB4EBE6642CF7FF1A637FB953E79CCED BaseClass: NativeClass:/Script/Landscape.Landscape Name:Landscape_UAID_04BF1BBD8566388502_2108272802 Label:Landscape3 SpatiallyLoaded:0 Bounds:IsValid=true, Min=(X=-5580.000 Y=-2290.000 Z=100.000), Max=(X=-5580.000 Y=-2290.000 Z=100.000) RuntimeGrid:None EditorOnly:0 RuntimeOnly:0 HLODRelevant:0 ListedInSceneOutliner:1 IsMainWorldOnly:0
 |   |   |- Guid:CE8D82634660FCDB3120E2B8D547C533 BaseClass: NativeClass:/Script/Engine.PostProcessVolume Name:PostProcessVolume_0 Label:PostProcessVolume SpatiallyLoaded:0 Bounds:IsValid=true, Min=(X=-400.000 Y=0.000 Z=880.000), Max=(X=-200.000 Y=200.000 Z=1080.000) RuntimeGrid:None EditorOnly:0 RuntimeOnly:0 HLODRelevant:0 ListedInSceneOutliner:1 IsMainWorldOnly:0 FolderPath:Lighting FolderGuid:0BA5F0A04EADB18E70D5B180D08FA34B
 |   |   |- Guid:E5320C1B4FD9764CE7B54D8487AEC613 BaseClass: NativeClass:/Script/Engine.SkyLight Name:SkyLight_0 Label:SkyLight SpatiallyLoaded:0 Bounds:IsValid=true, Min=(X=-400.000 Y=0.000 Z=1170.000), Max=(X=-400.000 Y=0.000 Z=1170.000) RuntimeGrid:None EditorOnly:0 RuntimeOnly:0 HLODRelevant:0 ListedInSceneOutliner:1 IsMainWorldOnly:0 FolderPath:Lighting FolderGuid:0BA5F0A04EADB18E70D5B180D08FA34B
 |   |   |- Guid:EE66F4454A4A9F99393F559AB739C05E BaseClass:/Game/MVP_Resources/FirstPerson/Blueprints/BP_Pickup_Rifle.BP_Pickup_Rifle_C NativeClass:/Script/Engine.Actor Name:BP_Rifle_C_1 Label:BP_Pickup_Rifle SpatiallyLoaded:1 Bounds:IsValid=true, Min=(X=-4752.139 Y=69.875 Z=1444.000), Max=(X=-4618.000 Y=152.000 Z=1569.704) RuntimeGrid:None EditorOnly:0 RuntimeOnly:0 HLODRelevant:0 ListedInSceneOutliner:1 IsMainWorldOnly:0
 |   |   |- Guid:F80621C9446867154938FE81375207DA BaseClass: NativeClass:/Script/Engine.DirectionalLight Name:DirectionalLight_1 Label:DirectionalLight SpatiallyLoaded:0 Bounds:Invalid RuntimeGrid:None EditorOnly:0 RuntimeOnly:0 HLODRelevant:0 ListedInSceneOutliner:1 IsMainWorldOnly:0 FolderPath:Lighting FolderGuid:0BA5F0A04EADB18E70D5B180D08FA34B
 |   |   |- Guid:FEE43C6E4DB5BB01FB645D97BAF69312 BaseClass: NativeClass:/Script/Engine.StaticMeshActor Name:StaticMeshActor_UAID_04BF1BBD85663F8502_1075628047 Label:Plane SpatiallyLoaded:1 Bounds:IsValid=true, Min=(X=-49552.819 Y=-26632.819 Z=140.000), Max=(X=14532.819 Y=37452.819 Z=140.000) RuntimeGrid:None EditorOnly:0 RuntimeOnly:0 HLODRelevant:1 ListedInSceneOutliner:1 IsMainWorldOnly:0
 |   |- [+] Clusters:
 |   |   |- [+] [  0]
 |   |   |   |- Guid:128E54C14723720F1A7BE3BDA95F16E2 BaseClass: NativeClass:/Script/Engine.StaticMeshActor Name:StaticMeshActor_UAID_04BF1BBD85663F8502_1824455050 Label:wall_door2 SpatiallyLoaded:1 Bounds:IsValid=true, Min=(X=-6334.562 Y=426.526 Z=1487.897), Max=(X=-4203.631 Y=2477.207 Z=3303.287) RuntimeGrid:None EditorOnly:0 RuntimeOnly:0 HLODRelevant:1 ListedInSceneOutliner:1 IsMainWorldOnly:0
 |   |   |- [+] [  1]
 |   |   |   |- Guid:21262252453B37957EF29F82ABA2413B BaseClass: NativeClass:/Script/Engine.TextRenderActor Name:TextRenderActor_1 Label:TextRenderActor SpatiallyLoaded:1 Bounds:IsValid=true, Min=(X=-0.100 Y=1100.000 Z=65.013), Max=(X=-0.100 Y=2363.461 Z=215.013) RuntimeGrid:None EditorOnly:0 RuntimeOnly:0 HLODRelevant:0 ListedInSceneOutliner:1 IsMainWorldOnly:0
 |   |   |- [+] [  2]
 |   |   |   |- Guid:27157E6A40273B37C98684AF2A467C1E BaseClass: NativeClass:/Script/Engine.PlayerStart Name:PlayerStart_UAID_04BF1BBD85666F8202_1674459313 Label:PlayerStart SpatiallyLoaded:0 Bounds:IsValid=true, Min=(X=-1579.796 Y=-4599.796 Z=521.972), Max=(X=-1380.204 Y=-4400.204 Z=858.028) RuntimeGrid:None EditorOnly:0 RuntimeOnly:0 HLODRelevant:0 ListedInSceneOutliner:1 IsMainWorldOnly:0
 |   |   |- [+] [  3]
 |   |   |   |- Guid:503301344EDD2580C9B8269BA1FF0C83 BaseClass: NativeClass:/Script/Engine.StaticMeshActor Name:StaticMeshActor_29 Label:SM_ChamferCube4 SpatiallyLoaded:1 Bounds:IsValid=true, Min=(X=334.338 Y=334.338 Z=0.063), Max=(X=545.662 Y=545.662 Z=150.063) RuntimeGrid:None EditorOnly:0 RuntimeOnly:0 HLODRelevant:0 ListedInSceneOutliner:1 IsMainWorldOnly:0 FolderPath:SimulatedCubes FolderGuid:9AEEADCB4DC6C647D6E7C0B4EDA1744F
 |   |   |- [+] [  4]
 |   |   |   |- Guid:5FE7584649BB6F09265329A6C57CFD0D BaseClass: NativeClass:/Script/Engine.VolumetricCloud Name:VolumetricCloud_0 Label:VolumetricCloud SpatiallyLoaded:0 Bounds:IsValid=true, Min=(X=-400.000 Y=0.000 Z=1300.000), Max=(X=-400.000 Y=0.000 Z=1300.000) RuntimeGrid:None EditorOnly:0 RuntimeOnly:0 HLODRelevant:0 ListedInSceneOutliner:1 IsMainWorldOnly:0 FolderPath:Lighting FolderGuid:0BA5F0A04EADB18E70D5B180D08FA34B
 |   |   |- [+] [  5]
 |   |   |   |- Guid:61391D344900612A77DFC3BA3E354907 BaseClass: NativeClass:/Script/Engine.ExponentialHeightFog Name:ExponentialHeightFog_0 Label:ExponentialHeightFog SpatiallyLoaded:0 Bounds:IsValid=true, Min=(X=-6000.000 Y=-50.000 Z=-6370.000), Max=(X=-6000.000 Y=-50.000 Z=-6370.000) RuntimeGrid:None EditorOnly:0 RuntimeOnly:0 HLODRelevant:0 ListedInSceneOutliner:1 IsMainWorldOnly:0 FolderPath:Lighting FolderGuid:0BA5F0A04EADB18E70D5B180D08FA34B
 |   |   |- [+] [  6]
 |   |   |   |- Guid:61E90E3248F0931E141BC8858EC19B21 BaseClass: NativeClass:/Script/WaterEditor.WaterBrushManager Name:Landscape3_WaterBrushManager_0 Label:Landscape3_WaterBrushManager SpatiallyLoaded:0 Bounds:IsValid=true, Min=(X=0.000 Y=0.000 Z=0.000), Max=(X=0.000 Y=0.000 Z=0.000) RuntimeGrid:None EditorOnly:0 RuntimeOnly:0 HLODRelevant:0 ListedInSceneOutliner:1 IsMainWorldOnly:0
 |   |   |- [+] [  7]
 |   |   |   |- Guid:6FEFB3BD4EB37B849EF0D4AC80F83855 BaseClass: NativeClass:/Script/Engine.WorldDataLayers Name:WorldDataLayers Label:WorldDataLayers SpatiallyLoaded:0 Bounds:Invalid RuntimeGrid:None EditorOnly:0 RuntimeOnly:0 HLODRelevant:0 ListedInSceneOutliner:1 IsMainWorldOnly:1
 |   |   |- [+] [  8]
 |   |   |   |- Guid:775D49174CD6AF6AD2FBBF9EE7FC5C7E BaseClass: NativeClass:/Script/Engine.StaticMeshActor Name:StaticMeshActor_UAID_04BF1BBD85663F8502_1899374051 Label:torus SpatiallyLoaded:1 Bounds:IsValid=true, Min=(X=-9952.929 Y=-8185.735 Z=-910.358), Max=(X=3674.454 Y=3615.926 Z=1449.976) RuntimeGrid:None EditorOnly:0 RuntimeOnly:0 HLODRelevant:1 ListedInSceneOutliner:1 IsMainWorldOnly:0
 |   |   |- [+] [  9]
 |   |   |   |- Guid:876615DD42B581D9F8398681D3943BA5 BaseClass: NativeClass:/Script/Water.WaterZone Name:WaterZone_UAID_04BF1BBD85663E8502_1948084870 Label:WaterZone SpatiallyLoaded:0 Bounds:IsValid=true, Min=(X=-25600.000 Y=-25600.000 Z=-25600.000), Max=(X=25600.000 Y=25600.000 Z=25600.000) RuntimeGrid:None EditorOnly:0 RuntimeOnly:0 HLODRelevant:0 ListedInSceneOutliner:1 IsMainWorldOnly:0
 |   |   |- [+] [ 10]
 |   |   |   |- Guid:B38818194DECF9A3FA5F2AA1DE7EE7E7 BaseClass:/Game/MVP_Resources/FirstPerson/Blueprints/BP_FirstPersonCharacter.BP_FirstPersonCharacter_C NativeClass:/Script/Engine.Character Name:BP_FirstPersonCharacter_C_UAID_04BF1BBD85666F8202_1644377312 Label:BP_FirstPersonCharacter SpatiallyLoaded:1 Bounds:IsValid=true, Min=(X=-1488.822 Y=-4737.285 Z=462.774), Max=(X=-1283.972 Y=-4532.435 Z=724.523) RuntimeGrid:None EditorOnly:0 RuntimeOnly:0 HLODRelevant:0 ListedInSceneOutliner:1 IsMainWorldOnly:0
 |   |   |- [+] [ 11]
 |   |   |   |- Guid:BEA877464958F5CC6E8D929FDCC520E5 BaseClass: NativeClass:/Script/Engine.StaticMeshActor Name:StaticMeshActor_UAID_04BF1BBD85661B8502_1408189695 Label:invermark_castle_scotland SpatiallyLoaded:1 Bounds:IsValid=true, Min=(X=-4005.785 Y=9442.850 Z=348.513), Max=(X=5446.721 Y=15359.388 Z=1505.481) RuntimeGrid:None EditorOnly:0 RuntimeOnly:0 HLODRelevant:1 ListedInSceneOutliner:1 IsMainWorldOnly:0
 |   |   |- [+] [ 12]
 |   |   |   |- Guid:C04B4CFF434267C810397B923CF0E360 BaseClass: NativeClass:/Script/AvalancheViewport.AvaViewportDataActor Name:AvaViewportDataActor_UAID_04BF1BBD85662A8502_1361030336 Label:AvaViewportDataActor SpatiallyLoaded:1 Bounds:Invalid RuntimeGrid:None EditorOnly:0 RuntimeOnly:0 HLODRelevant:0 ListedInSceneOutliner:0 IsMainWorldOnly:0
 |   |   |- [+] [ 13]
 |   |   |   |- Guid:C0C56B9644AE3D40CAFF6A878DB29844 BaseClass: NativeClass:/Script/Engine.StaticMeshActor Name:StaticMeshActor_UAID_A4AE111137DC5EFB00_2001720423 Label:SM_SkySphere SpatiallyLoaded:0 Bounds:IsValid=true, Min=(X=0.000 Y=0.000 Z=0.000), Max=(X=0.000 Y=0.000 Z=0.000) RuntimeGrid:None EditorOnly:0 RuntimeOnly:0 HLODRelevant:0 ListedInSceneOutliner:1 IsMainWorldOnly:0 FolderPath:Lighting FolderGuid:0BA5F0A04EADB18E70D5B180D08FA34B
 |   |   |- [+] [ 14]
 |   |   |   |- Guid:C22CE07C4B87D685137FDBBC10FC92C6 BaseClass: NativeClass:/Script/Engine.SkyAtmosphere Name:SkyAtmosphere_0 Label:SkyAtmosphere SpatiallyLoaded:0 Bounds:IsValid=true, Min=(X=-400.000 Y=0.000 Z=1500.000), Max=(X=-400.000 Y=0.000 Z=1500.000) RuntimeGrid:None EditorOnly:0 RuntimeOnly:0 HLODRelevant:0 ListedInSceneOutliner:1 IsMainWorldOnly:0 FolderPath:Lighting FolderGuid:0BA5F0A04EADB18E70D5B180D08FA34B
 |   |   |- [+] [ 15]
 |   |   |   |- Guid:C96FFBB84F173757A9772B9F3C832628 BaseClass: NativeClass:/Script/Engine.StaticMeshActor Name:StaticMeshActor_UAID_04BF1BBD85663F8502_2115539052 Label:ramp SpatiallyLoaded:1 Bounds:IsValid=true, Min=(X=-5738.139 Y=-2484.685 Z=-662.897), Max=(X=-1721.661 Y=1620.642 Z=1989.879) RuntimeGrid:None EditorOnly:0 RuntimeOnly:0 HLODRelevant:1 ListedInSceneOutliner:1 IsMainWorldOnly:0
 |   |   |- [+] [ 16]
 |   |   |   |- Guid:CB2618AB47294C7F274E989AC6BA13A6 BaseClass: NativeClass:/Script/PCG.PCGWorldActor Name:PCGWorldActor_UAID_04BF1BBD85661C8502_1362477872 Label:PCGWorldActor SpatiallyLoaded:0 Bounds:Invalid RuntimeGrid:None EditorOnly:0 RuntimeOnly:0 HLODRelevant:0 ListedInSceneOutliner:1 IsMainWorldOnly:0
 |   |   |- [+] [ 17]
 |   |   |   |- Guid:CB4EBE6642CF7FF1A637FB953E79CCED BaseClass: NativeClass:/Script/Landscape.Landscape Name:Landscape_UAID_04BF1BBD8566388502_2108272802 Label:Landscape3 SpatiallyLoaded:0 Bounds:IsValid=true, Min=(X=-5580.000 Y=-2290.000 Z=100.000), Max=(X=-5580.000 Y=-2290.000 Z=100.000) RuntimeGrid:None EditorOnly:0 RuntimeOnly:0 HLODRelevant:0 ListedInSceneOutliner:1 IsMainWorldOnly:0
 |   |   |- [+] [ 18]
 |   |   |   |- Guid:CE8D82634660FCDB3120E2B8D547C533 BaseClass: NativeClass:/Script/Engine.PostProcessVolume Name:PostProcessVolume_0 Label:PostProcessVolume SpatiallyLoaded:0 Bounds:IsValid=true, Min=(X=-400.000 Y=0.000 Z=880.000), Max=(X=-200.000 Y=200.000 Z=1080.000) RuntimeGrid:None EditorOnly:0 RuntimeOnly:0 HLODRelevant:0 ListedInSceneOutliner:1 IsMainWorldOnly:0 FolderPath:Lighting FolderGuid:0BA5F0A04EADB18E70D5B180D08FA34B
 |   |   |- [+] [ 19]
 |   |   |   |- Guid:E5320C1B4FD9764CE7B54D8487AEC613 BaseClass: NativeClass:/Script/Engine.SkyLight Name:SkyLight_0 Label:SkyLight SpatiallyLoaded:0 Bounds:IsValid=true, Min=(X=-400.000 Y=0.000 Z=1170.000), Max=(X=-400.000 Y=0.000 Z=1170.000) RuntimeGrid:None EditorOnly:0 RuntimeOnly:0 HLODRelevant:0 ListedInSceneOutliner:1 IsMainWorldOnly:0 FolderPath:Lighting FolderGuid:0BA5F0A04EADB18E70D5B180D08FA34B
 |   |   |- [+] [ 20]
 |   |   |   |- Guid:EE66F4454A4A9F99393F559AB739C05E BaseClass:/Game/MVP_Resources/FirstPerson/Blueprints/BP_Pickup_Rifle.BP_Pickup_Rifle_C NativeClass:/Script/Engine.Actor Name:BP_Rifle_C_1 Label:BP_Pickup_Rifle SpatiallyLoaded:1 Bounds:IsValid=true, Min=(X=-4752.139 Y=69.875 Z=1444.000), Max=(X=-4618.000 Y=152.000 Z=1569.704) RuntimeGrid:None EditorOnly:0 RuntimeOnly:0 HLODRelevant:0 ListedInSceneOutliner:1 IsMainWorldOnly:0
 |   |   |- [+] [ 21]
 |   |   |   |- Guid:F80621C9446867154938FE81375207DA BaseClass: NativeClass:/Script/Engine.DirectionalLight Name:DirectionalLight_1 Label:DirectionalLight SpatiallyLoaded:0 Bounds:Invalid RuntimeGrid:None EditorOnly:0 RuntimeOnly:0 HLODRelevant:0 ListedInSceneOutliner:1 IsMainWorldOnly:0 FolderPath:Lighting FolderGuid:0BA5F0A04EADB18E70D5B180D08FA34B
 |   |   |- [+] [ 22]
 |   |   |   |- Guid:FEE43C6E4DB5BB01FB645D97BAF69312 BaseClass: NativeClass:/Script/Engine.StaticMeshActor Name:StaticMeshActor_UAID_04BF1BBD85663F8502_1075628047 Label:Plane SpatiallyLoaded:1 Bounds:IsValid=true, Min=(X=-49552.819 Y=-26632.819 Z=140.000), Max=(X=14532.819 Y=37452.819 Z=140.000) RuntimeGrid:None EditorOnly:0 RuntimeOnly:0 HLODRelevant:1 ListedInSceneOutliner:1 IsMainWorldOnly:0
 |- ContainerInstances:
 |- [+] MainContainer:
 |   |-        ID: 00000000000000000000000000000000
 |   |-  ParentID: 00000000000000000000000000000000
 |   |-    Bounds: IsValid=false, Min=(X=0.000 Y=0.000 Z=0.000), Max=(X=0.000 Y=0.000 Z=0.000)
 |   |- Transform: 0.000000,0.000000,0.000000|0.000000,0.000000,-0.000000|1.000000,1.000000,1.000000
 |   |- Container: /Game/MVP_Resources/FirstPerson/Maps/FirstPersonMap
----------------------------------------------------------------------------------------------------------------
FirstPersonMap - Persistent Level
----------------------------------------------------------------------------------------------------------------
[+] Content of FirstPersonMap Persistent Level
 |- Always loaded Actor Count: 23 
 |- Actor Path: /Game/MVP_Resources/FirstPerson/Maps/FirstPersonMap.FirstPersonMap:PersistentLevel.AvaViewportDataActor_UAID_04BF1BBD85662A8502_1361030336
 |- Actor Package: /Game/__ExternalActors__/MVP_Resources/FirstPerson/Maps/FirstPersonMap/D/7J/D9KOXG8VXE3QOX3SLRCU3G
 |- Actor Path: /Game/MVP_Resources/FirstPerson/Maps/FirstPersonMap.FirstPersonMap:PersistentLevel.BP_FirstPersonCharacter_C_UAID_04BF1BBD85666F8202_1644377312
 |- Actor Package: /Game/__ExternalActors__/MVP_Resources/FirstPerson/Maps/FirstPersonMap/1/79/W8ECVFVETXZS39HXHQ37CP
 |- Actor Path: /Game/MVP_Resources/FirstPerson/Maps/FirstPersonMap.FirstPersonMap:PersistentLevel.BP_Rifle_C_1
 |- Actor Package: /Game/__ExternalActors__/MVP_Resources/FirstPerson/Maps/FirstPersonMap/5/1Y/8WBKNH26GHN3TPL6031Y77
 |- Actor Path: /Game/MVP_Resources/FirstPerson/Maps/FirstPersonMap.FirstPersonMap:PersistentLevel.DirectionalLight_1
 |- Actor Package: /Game/__ExternalActors__/MVP_Resources/FirstPerson/Maps/FirstPersonMap/A/NH/5DHXJATQUHM8740U7TJMB6
 |- Actor Path: /Game/MVP_Resources/FirstPerson/Maps/FirstPersonMap.FirstPersonMap:PersistentLevel.ExponentialHeightFog_0
 |- Actor Package: /Game/__ExternalActors__/MVP_Resources/FirstPerson/Maps/FirstPersonMap/3/CH/Z0FU5ISTI8NOSYLN5OZ6CS
 |- Actor Path: /Game/MVP_Resources/FirstPerson/Maps/FirstPersonMap.FirstPersonMap:PersistentLevel.Landscape3_WaterBrushManager_0
 |- Actor Package: /Game/__ExternalActors__/MVP_Resources/FirstPerson/Maps/FirstPersonMap/2/HF/6O23S7CTK0NW96ZD3XVJ7M
 |- Actor Path: /Game/MVP_Resources/FirstPerson/Maps/FirstPersonMap.FirstPersonMap:PersistentLevel.Landscape_UAID_04BF1BBD8566388502_2108272802
 |- Actor Package: /Game/__ExternalActors__/MVP_Resources/FirstPerson/Maps/FirstPersonMap/9/LO/H7A3I6A8SRVWPD65VZBGY1
 |- Actor Path: /Game/MVP_Resources/FirstPerson/Maps/FirstPersonMap.FirstPersonMap:PersistentLevel.PCGWorldActor_UAID_04BF1BBD85661C8502_1362477872
 |- Actor Package: /Game/__ExternalActors__/MVP_Resources/FirstPerson/Maps/FirstPersonMap/D/B5/312534Q2EM5JTIUNRN6Z27
 |- Actor Path: /Game/MVP_Resources/FirstPerson/Maps/FirstPersonMap.FirstPersonMap:PersistentLevel.PlayerStart_UAID_04BF1BBD85666F8202_1674459313
 |- Actor Package: /Game/__ExternalActors__/MVP_Resources/FirstPerson/Maps/FirstPersonMap/3/78/4ZKOVOC3EDNK1U7NWZ25KU
 |- Actor Path: /Game/MVP_Resources/FirstPerson/Maps/FirstPersonMap.FirstPersonMap:PersistentLevel.PostProcessVolume_0
 |- Actor Package: /Game/__ExternalActors__/MVP_Resources/FirstPerson/Maps/FirstPersonMap/2/JA/VNN6QIODJ3BI53WE966TTN
 |- Actor Path: /Game/MVP_Resources/FirstPerson/Maps/FirstPersonMap.FirstPersonMap:PersistentLevel.SkyAtmosphere_0
 |- Actor Package: /Game/__ExternalActors__/MVP_Resources/FirstPerson/Maps/FirstPersonMap/C/NK/J2KF8SVBS7MH1KNIGLZD9U
 |- Actor Path: /Game/MVP_Resources/FirstPerson/Maps/FirstPersonMap.FirstPersonMap:PersistentLevel.SkyLight_0
 |- Actor Package: /Game/__ExternalActors__/MVP_Resources/FirstPerson/Maps/FirstPersonMap/6/M6/OAPT1S8K9YI03M0LL7APZ7
 |- Actor Path: /Game/MVP_Resources/FirstPerson/Maps/FirstPersonMap.FirstPersonMap:PersistentLevel.StaticMeshActor_29
 |- Actor Package: /Game/__ExternalActors__/MVP_Resources/FirstPerson/Maps/FirstPersonMap/D/Z0/71BUA91ZUWN1EE6T5P1RXQ
 |- Actor Path: /Game/MVP_Resources/FirstPerson/Maps/FirstPersonMap.FirstPersonMap:PersistentLevel.StaticMeshActor_UAID_04BF1BBD85661B8502_1408189695
 |- Actor Package: /Game/__ExternalActors__/MVP_Resources/FirstPerson/Maps/FirstPersonMap/E/VY/OMGJKDXTURDHLZE5B41U0D
 |- Actor Path: /Game/MVP_Resources/FirstPerson/Maps/FirstPersonMap.FirstPersonMap:PersistentLevel.StaticMeshActor_UAID_04BF1BBD85663F8502_1075628047
 |- Actor Package: /Game/__ExternalActors__/MVP_Resources/FirstPerson/Maps/FirstPersonMap/0/DI/W4EIPFJS9IG1NIUE9E4C2S
 |- Actor Path: /Game/MVP_Resources/FirstPerson/Maps/FirstPersonMap.FirstPersonMap:PersistentLevel.StaticMeshActor_UAID_04BF1BBD85663F8502_1824455050
 |- Actor Package: /Game/__ExternalActors__/MVP_Resources/FirstPerson/Maps/FirstPersonMap/4/LO/BZMRTOJNNR163DKW16WHT1
 |- Actor Path: /Game/MVP_Resources/FirstPerson/Maps/FirstPersonMap.FirstPersonMap:PersistentLevel.StaticMeshActor_UAID_04BF1BBD85663F8502_1899374051
 |- Actor Package: /Game/__ExternalActors__/MVP_Resources/FirstPerson/Maps/FirstPersonMap/7/SA/3K263UBLDLBFB3J46DFIKK
 |- Actor Path: /Game/MVP_Resources/FirstPerson/Maps/FirstPersonMap.FirstPersonMap:PersistentLevel.StaticMeshActor_UAID_04BF1BBD85663F8502_2115539052
 |- Actor Package: /Game/__ExternalActors__/MVP_Resources/FirstPerson/Maps/FirstPersonMap/7/EL/QZHWH6VUM2N9OUK3RXU1LS
 |- Actor Path: /Game/MVP_Resources/FirstPerson/Maps/FirstPersonMap.FirstPersonMap:PersistentLevel.StaticMeshActor_UAID_A4AE111137DC5EFB00_2001720423
 |- Actor Package: /Game/__ExternalActors__/MVP_Resources/FirstPerson/Maps/FirstPersonMap/5/I5/YX9BAKWHQTCX91U2JM1OTF
 |- Actor Path: /Game/MVP_Resources/FirstPerson/Maps/FirstPersonMap.FirstPersonMap:PersistentLevel.TextRenderActor_1
 |- Actor Package: /Game/__ExternalActors__/MVP_Resources/FirstPerson/Maps/FirstPersonMap/9/WV/FBHWCDCH9E4ON6WMSIZ3AD
 |- Actor Path: /Game/MVP_Resources/FirstPerson/Maps/FirstPersonMap.FirstPersonMap:PersistentLevel.VolumetricCloud_0
 |- Actor Package: /Game/__ExternalActors__/MVP_Resources/FirstPerson/Maps/FirstPersonMap/1/G8/HIOIS9FFWUU63XNYELBWJE
 |- Actor Path: /Game/MVP_Resources/FirstPerson/Maps/FirstPersonMap.FirstPersonMap:PersistentLevel.WaterZone_UAID_04BF1BBD85663E8502_1948084870
 |- Actor Package: /Game/__ExternalActors__/MVP_Resources/FirstPerson/Maps/FirstPersonMap/D/XA/ZQCJ7L0Z3BKNSEHIXO18TW
 |- Actor Path: /Game/MVP_Resources/FirstPerson/Maps/FirstPersonMap.FirstPersonMap:PersistentLevel.WorldDataLayers
 |- Actor Package: /Game/__ExternalActors__/MVP_Resources/FirstPerson/Maps/FirstPersonMap/B/8V/2DBQQ5HMJ9X2HBMMXBI6N5

----------------------------------------------------------------------------------------------------------------
FirstPersonMap - Runtime Hash Set
----------------------------------------------------------------------------------------------------------------

